Archive member included to satisfy reference by file (symbol)

/home/student/Melnikow/vl/button/bin/unwd-range-l1-r3/core.a(sched.o)
                              /home/student/Melnikow/vl/button/bin/unwd-range-l1-r3/newlib_syscalls_default/syscalls.o (sched_active_pid)
/home/student/Melnikow/vl/button/bin/unwd-range-l1-r3/cortexm_common.a(thread_arch.o)
                              /home/student/Melnikow/vl/button/bin/unwd-range-l1-r3/core.a(sched.o) (cpu_switch_context_exit)
/home/student/Melnikow/vl/button/bin/unwd-range-l1-r3/cortexm_common.a(vectors_cortexm.o)
                              /home/student/Melnikow/vl/button/bin/unwd-range-l1-r3/cpu/vectors.o (dummy_handler_default)
/home/student/Melnikow/vl/button/bin/unwd-range-l1-r3/cortexm_common.a(irq_arch.o)
                              /home/student/Melnikow/vl/button/bin/unwd-range-l1-r3/newlib_syscalls_default/syscalls.o (irq_disable)
/home/student/Melnikow/vl/button/bin/unwd-range-l1-r3/div.a(div.o)
                              /home/student/Melnikow/vl/button/bin/unwd-range-l1-r3/newlib_syscalls_default/syscalls.o (_div_mulhi64)
/home/student/Melnikow/vl/button/bin/unwd-range-l1-r3/stdio_uart.a(stdio_uart.o)
                              /home/student/Melnikow/vl/button/bin/unwd-range-l1-r3/newlib_syscalls_default/syscalls.o (stdio_init)
/home/student/Melnikow/vl/button/bin/unwd-range-l1-r3/stm32_common_periph.a(pm.o)
                              /home/student/Melnikow/vl/button/bin/unwd-range-l1-r3/newlib_syscalls_default/syscalls.o (pm_off)
/home/student/Melnikow/vl/button/bin/unwd-range-l1-r3/stm32_common_periph.a(uart.o)
                              /home/student/Melnikow/vl/button/bin/unwd-range-l1-r3/stdio_uart.a(stdio_uart.o) (uart_write)
/home/student/Melnikow/vl/button/bin/unwd-range-l1-r3/stm32_common_periph.a(gpio.o)
                              /home/student/Melnikow/vl/button/bin/unwd-range-l1-r3/stm32_common_periph.a(pm.o) (gpio_init)
/home/student/Melnikow/vl/button/bin/unwd-range-l1-r3/xtimer.a(xtimer_core.o)
                              /home/student/Melnikow/vl/button/bin/unwd-range-l1-r3/newlib_syscalls_default/syscalls.o (_xtimer_now64)
/home/student/Melnikow/vl/button/bin/unwd-range-l1-r3/boards_common_unwd.a(board.o)
                              /home/student/Melnikow/vl/button/bin/unwd-range-l1-r3/cortexm_common.a(vectors_cortexm.o) (board_init)
/home/student/Melnikow/vl/button/bin/unwd-range-l1-r3/core.a(panic.o)
                              /home/student/Melnikow/vl/button/bin/unwd-range-l1-r3/cortexm_common.a(vectors_cortexm.o) (core_panic)
/home/student/Melnikow/vl/button/bin/unwd-range-l1-r3/core.a(kernel_init.o)
                              /home/student/Melnikow/vl/button/bin/unwd-range-l1-r3/cortexm_common.a(vectors_cortexm.o) (kernel_init)
/home/student/Melnikow/vl/button/bin/unwd-range-l1-r3/core.a(thread.o)
                              /home/student/Melnikow/vl/button/bin/unwd-range-l1-r3/core.a(kernel_init.o) (thread_create)
/home/student/Melnikow/vl/button/bin/unwd-range-l1-r3/cortexm_common.a(cortexm_init.o)
                              /home/student/Melnikow/vl/button/bin/unwd-range-l1-r3/stm32_common_periph.a(pm.o) (cpu_check_address)
/home/student/Melnikow/vl/button/bin/unwd-range-l1-r3/isrpipe.a(isrpipe.o)
                              /home/student/Melnikow/vl/button/bin/unwd-range-l1-r3/stdio_uart.a(stdio_uart.o) (isrpipe_write_one)
/home/student/Melnikow/vl/button/bin/unwd-range-l1-r3/pm_layered.a(pm.o)
                              /home/student/Melnikow/vl/button/bin/unwd-range-l1-r3/core.a(kernel_init.o) (pm_set_lowest)
/home/student/Melnikow/vl/button/bin/unwd-range-l1-r3/stm32_common.a(cpu_init.o)
                              /home/student/Melnikow/vl/button/bin/unwd-range-l1-r3/boards_common_unwd.a(board.o) (cpu_init)
/home/student/Melnikow/vl/button/bin/unwd-range-l1-r3/stm32_common.a(stmclk_l0l1.o)
                              /home/student/Melnikow/vl/button/bin/unwd-range-l1-r3/stm32_common_periph.a(pm.o) (stmclk_init_sysclk)
/home/student/Melnikow/vl/button/bin/unwd-range-l1-r3/stm32_common.a(cpu_common.o)
                              /home/student/Melnikow/vl/button/bin/unwd-range-l1-r3/stm32_common_periph.a(uart.o) (periph_apb_clk)
/home/student/Melnikow/vl/button/bin/unwd-range-l1-r3/stm32_common.a(stm_status.o)
                              /home/student/Melnikow/vl/button/bin/unwd-range-l1-r3/stm32_common.a(cpu_init.o) (cpu_init_status)
/home/student/Melnikow/vl/button/bin/unwd-range-l1-r3/stm32_common_periph.a(timer.o)
                              /home/student/Melnikow/vl/button/bin/unwd-range-l1-r3/xtimer.a(xtimer_core.o) (timer_set_absolute)
/home/student/Melnikow/vl/button/bin/unwd-range-l1-r3/tsrb.a(tsrb.o)
                              /home/student/Melnikow/vl/button/bin/unwd-range-l1-r3/isrpipe.a(isrpipe.o) (tsrb_get)
/home/student/Melnikow/vl/button/bin/unwd-range-l1-r3/periph_common.a(init.o)
[...]
Memory Configuration

Name             Origin             Length             Attributes
ccmram           0x0000000010000000 0x0000000000000000
rom              0x0000000008000000 0x0000000000080000 xr
ram              0x0000000020000000 0x0000000000014000 w !xr
*default*        0x0000000000000000 0xffffffffffffffff

Linker script and memory map

LOAD /home/student/Melnikow/vl/button/bin/unwd-range-l1-r3/cpu/vectors.o
LOAD /home/student/Melnikow/vl/button/bin/unwd-range-l1-r3/newlib_syscalls_default/syscalls.o
START GROUP
LOAD /home/student/Melnikow/vl/button/bin/unwd-range-l1-r3/application_button.a
LOAD /home/student/Melnikow/vl/button/bin/unwd-range-l1-r3/auto_init.a
LOAD /home/student/Melnikow/vl/button/bin/unwd-range-l1-r3/board.a
LOAD /home/student/Melnikow/vl/button/bin/unwd-range-l1-r3/boards_common_unwd.a
LOAD /home/student/Melnikow/vl/button/bin/unwd-range-l1-r3/core.a
LOAD /home/student/Melnikow/vl/button/bin/unwd-range-l1-r3/cortexm_common.a
LOAD /home/student/Melnikow/vl/button/bin/unwd-range-l1-r3/cortexm_common_periph.a
LOAD /home/student/Melnikow/vl/button/bin/unwd-range-l1-r3/cpu.a
LOAD /home/student/Melnikow/vl/button/bin/unwd-range-l1-r3/div.a
LOAD /home/student/Melnikow/vl/button/bin/unwd-range-l1-r3/isrpipe.a
LOAD /home/student/Melnikow/vl/button/bin/unwd-range-l1-r3/newlib_syscalls_default.a
LOAD /home/student/Melnikow/vl/button/bin/unwd-range-l1-r3/periph.a
LOAD /home/student/Melnikow/vl/button/bin/unwd-range-l1-r3/pm_layered.a
LOAD /home/student/Melnikow/vl/button/bin/unwd-range-l1-r3/stdio_uart.a
LOAD /home/student/Melnikow/vl/button/bin/unwd-range-l1-r3/stm32_common.a
LOAD /home/student/Melnikow/vl/button/bin/unwd-range-l1-r3/stm32_common_periph.a
LOAD /home/student/Melnikow/vl/button/bin/unwd-range-l1-r3/sys.a
LOAD /home/student/Melnikow/vl/button/bin/unwd-range-l1-r3/tsrb.a
LOAD /home/student/Melnikow/vl/button/bin/unwd-range-l1-r3/xtimer.a
LOAD /home/student/Melnikow/vl/button/bin/unwd-range-l1-r3/periph_common.a
LOAD /usr/bin/../lib/gcc/arm-none-eabi/7.3.1/../../../../arm-none-eabi/lib/thumb/v7-m/libm.a
END GROUP
LOAD /usr/bin/../lib/gcc/arm-none-eabi/7.3.1/thumb/v7-m/libgcc.a
                0x0000000008000000                _rom_start_addr = 0x8000000
                0x0000000020000000                _ram_start_addr = 0x20000000
                0x0000000000080000                _rom_length = 0x80000
                0x0000000000014000                _ram_length = 0x14000
LOAD /usr/bin/../lib/gcc/arm-none-eabi/7.3.1/../../../../arm-none-eabi/lib/thumb/v7-m/libc_nano.a
START GROUP
LOAD /usr/bin/../lib/gcc/arm-none-eabi/7.3.1/thumb/v7-m/libgcc.a
LOAD /usr/bin/../lib/gcc/arm-none-eabi/7.3.1/../../../../arm-none-eabi/lib/thumb/v7-m/libg_nano.a
LOAD /usr/bin/../lib/gcc/arm-none-eabi/7.3.1/../../../../arm-none-eabi/lib/thumb/v7-m/libc_nano.a
END GROUP
START GROUP
LOAD /usr/bin/../lib/gcc/arm-none-eabi/7.3.1/thumb/v7-m/libgcc.a
LOAD /usr/bin/../lib/gcc/arm-none-eabi/7.3.1/../../../../arm-none-eabi/lib/thumb/v7-m/libc_nano.a
END GROUP
                0x0000000000000000                ccmram_length = DEFINED (ccmram_len)?ccmram_len:0x0
                0x0000000000000000                _rom_offset = DEFINED (_rom_offset)?_rom_offset:0x0
                0x0000000000080000                _fw_rom_length = DEFINED (_fw_rom_length)?_fw_rom_length:(_rom_length - _rom_offset)
                0x0000000000000001                ASSERT ((_fw_rom_length <= (_rom_length - _rom_offset)), Specified firmware size does not fit in ROM)

.text           0x0000000008000000     0x2b28
                0x0000000008000000                . = ALIGN (0x4)
                0x0000000008000000                _sfixed = .
                0x0000000008000000                _isr_vectors = DEFINED (_isr_vectors)?_isr_vectors:.
 *(SORT_BY_NAME(.vectors*))
 .vectors.0     0x0000000008000000       0x40 /home/student/Melnikow/vl/button/bin/unwd-range-l1-r3/cortexm_common.a(vectors_cortexm.o)
                0x0000000008000000                cortex_vector_base
 .vectors.1     0x0000000008000040       0xe4 /home/student/Melnikow/vl/button/bin/unwd-range-l1-r3/cpu/vectors.o
                0x0000000008000040                vector_cpu
 *(.text .text.* .gnu.linkonce.t.*)
 .text.dummy_handler
                0x0000000008000124        0x4 /home/student/Melnikow/vl/button/bin/unwd-range-l1-r3/cpu/vectors.o
                0x0000000008000124                isr_pvd
                0x0000000008000124                isr_rtc_wkup
                0x0000000008000124                isr_comp_acq
                0x0000000008000124                isr_tim10
                0x0000000008000124                isr_dac
                0x0000000008000124                isr_dma2_ch5
                0x0000000008000124                isr_dma1_ch2
                0x0000000008000124                isr_tim7
                0x0000000008000124                isr_tim5
                0x0000000008000124                isr_i2c1_ev
                0x0000000008000124                isr_dma1_ch7
                0x0000000008000124                isr_tim4
                0x0000000008000124                isr_dma1_ch3
                0x0000000008000124                isr_dma2_ch3
                0x0000000008000124                isr_tim2
                0x0000000008000124                isr_sdio
                0x0000000008000124                isr_spi2
                0x0000000008000124                dummy_handler
                0x0000000008000124                isr_usb_hp
                0x0000000008000124                isr_aes
                0x0000000008000124                isr_dma2_ch4
                0x0000000008000124                isr_dma1_ch1
                0x0000000008000124                isr_comp
                0x0000000008000124                isr_dma1_ch6
                0x0000000008000124                isr_spi1
                0x0000000008000124                isr_tim6
                0x0000000008000124                isr_usb_lp
                0x0000000008000124                isr_rcc
                0x0000000008000124                isr_flash
                0x0000000008000124                isr_uart5
                0x0000000008000124                isr_dma2_ch2
                0x0000000008000124                isr_adc1
                0x0000000008000124                isr_uart4
                0x0000000008000124                isr_i2c2_er
                0x0000000008000124                isr_usb_fs_wkup
                0x0000000008000124                isr_dma2_ch1
                0x0000000008000124                isr_spi3
                0x0000000008000124                isr_lcd
                0x0000000008000124                isr_tim3
                0x0000000008000124                isr_dma1_ch5
                0x0000000008000124                isr_dma1_ch4
                0x0000000008000124                isr_i2c2_ev
                0x0000000008000124                isr_rtc_alarm
                0x0000000008000124                isr_tamper_stamp
                0x0000000008000124                isr_i2c1_er
                0x0000000008000124                isr_wwdg
 .text._init    0x0000000008000128        0x4 /home/student/Melnikow/vl/button/bin/unwd-range-l1-r3/newlib_syscalls_default/syscalls.o
                0x0000000008000128                _init
 .text._fini    0x000000000800012c        0x2 /home/student/Melnikow/vl/button/bin/unwd-range-l1-r3/newlib_syscalls_default/syscalls.o
                0x000000000800012c                _fini
 *fill*         0x000000000800012e        0x2 
 .text._sbrk_r  0x0000000008000130       0x3c /home/student/Melnikow/vl/button/bin/unwd-range-l1-r3/newlib_syscalls_default/syscalls.o
                0x0000000008000130                _sbrk_r
 .text._read_r  0x000000000800016c        0x8 /home/student/Melnikow/vl/button/bin/unwd-range-l1-r3/newlib_syscalls_default/syscalls.o
                0x000000000800016c                _read_r
 .text._write_r
                0x0000000008000174        0x8 /home/student/Melnikow/vl/button/bin/unwd-range-l1-r3/newlib_syscalls_default/syscalls.o
                0x0000000008000174                _write_r
 .text._close_r
                0x000000000800017c        0xa /home/student/Melnikow/vl/button/bin/unwd-range-l1-r3/newlib_syscalls_default/syscalls.o
                0x000000000800017c                _close_r
 .text._lseek_r
                0x0000000008000186        0xa /home/student/Melnikow/vl/button/bin/unwd-range-l1-r3/newlib_syscalls_default/syscalls.o
                0x0000000008000186                _lseek_r
 .text._fstat_r
                0x0000000008000190        0xa /home/student/Melnikow/vl/button/bin/unwd-range-l1-r3/newlib_syscalls_default/syscalls.o
                0x0000000008000190                _fstat_r
 .text._isatty_r
                0x000000000800019a        0xe /home/student/Melnikow/vl/button/bin/unwd-range-l1-r3/newlib_syscalls_default/syscalls.o
                0x000000000800019a                _isatty_r
 .text.sched_run
                0x00000000080001a8       0x64 /home/student/Melnikow/vl/button/bin/unwd-range-l1-r3/core.a(sched.o)
                0x00000000080001a8                sched_run
 .text.sched_set_status
                0x000000000800020c       0x80 /home/student/Melnikow/vl/button/bin/unwd-range-l1-r3/core.a(sched.o)
                0x000000000800020c                sched_set_status
 .text.sched_switch
                0x000000000800028c       0x30 /home/student/Melnikow/vl/button/bin/unwd-range-l1-r3/core.a(sched.o)
                0x000000000800028c                sched_switch
 .text.sched_task_exit
                0x00000000080002bc       0x3c /home/student/Melnikow/vl/button/bin/unwd-range-l1-r3/core.a(sched.o)
                0x00000000080002bc                sched_task_exit
 .text.thread_stack_init
                0x00000000080002f8       0x64 /home/student/Melnikow/vl/button/bin/unwd-range-l1-r3/cortexm_common.a(thread_arch.o)
                0x00000000080002f8                thread_stack_init
 .text.cpu_switch_context_exit
                0x000000000800035c        0x8 /home/student/Melnikow/vl/button/bin/unwd-range-l1-r3/cortexm_common.a(thread_arch.o)
                0x000000000800035c                cpu_switch_context_exit
 .text.thread_yield_higher
                0x0000000008000364       0x10 /home/student/Melnikow/vl/button/bin/unwd-range-l1-r3/cortexm_common.a(thread_arch.o)
                0x0000000008000364                thread_yield_higher
 .text.isr_pendsv
                0x0000000008000374       0x1c /home/student/Melnikow/vl/button/bin/unwd-range-l1-r3/cortexm_common.a(thread_arch.o)
                0x0000000008000374                isr_pendsv
 .text.isr_svc  0x0000000008000390       0x1c /home/student/Melnikow/vl/button/bin/unwd-range-l1-r3/cortexm_common.a(thread_arch.o)
                0x0000000008000390                isr_svc
 .text.hard_fault_default
                0x00000000080003ac       0x44 /home/student/Melnikow/vl/button/bin/unwd-range-l1-r3/cortexm_common.a(vectors_cortexm.o)
                0x00000000080003ac                hard_fault_default
 .text.nmi_default
                0x00000000080003f0       0x10 /home/student/Melnikow/vl/button/bin/unwd-range-l1-r3/cortexm_common.a(vectors_cortexm.o)
                0x00000000080003f0                nmi_default
 .text.mem_manage_default
                0x0000000008000400       0x10 /home/student/Melnikow/vl/button/bin/unwd-range-l1-r3/cortexm_common.a(vectors_cortexm.o)
                0x0000000008000400                mem_manage_default
 .text.bus_fault_default
                0x0000000008000410       0x10 /home/student/Melnikow/vl/button/bin/unwd-range-l1-r3/cortexm_common.a(vectors_cortexm.o)
                0x0000000008000410                bus_fault_default
 .text.usage_fault_default
                0x0000000008000420       0x10 /home/student/Melnikow/vl/button/bin/unwd-range-l1-r3/cortexm_common.a(vectors_cortexm.o)
                0x0000000008000420                usage_fault_default
 .text.debug_mon_default
                0x0000000008000430       0x10 /home/student/Melnikow/vl/button/bin/unwd-range-l1-r3/cortexm_common.a(vectors_cortexm.o)
                0x0000000008000430                debug_mon_default
 .text.dummy_handler_default
                0x0000000008000440       0x10 /home/student/Melnikow/vl/button/bin/unwd-range-l1-r3/cortexm_common.a(vectors_cortexm.o)
                0x0000000008000440                dummy_handler_default
                0x0000000008000440                isr_systick
 .text.pre_startup
                0x0000000008000450        0x2 /home/student/Melnikow/vl/button/bin/unwd-range-l1-r3/cortexm_common.a(vectors_cortexm.o)
                0x0000000008000450                pre_startup
 .text.post_startup
                0x0000000008000452        0x2 /home/student/Melnikow/vl/button/bin/unwd-range-l1-r3/cortexm_common.a(vectors_cortexm.o)
                0x0000000008000452                post_startup
 .text.reset_handler_default
                0x0000000008000454       0x6c /home/student/Melnikow/vl/button/bin/unwd-range-l1-r3/cortexm_common.a(vectors_cortexm.o)
                0x0000000008000454                reset_handler_default
 .text.hard_fault_handler
                0x00000000080004c0      0x188 /home/student/Melnikow/vl/button/bin/unwd-range-l1-r3/cortexm_common.a(vectors_cortexm.o)
                0x00000000080004c0                hard_fault_handler
 .text.irq_disable
                0x0000000008000648        0x8 /home/student/Melnikow/vl/button/bin/unwd-range-l1-r3/cortexm_common.a(irq_arch.o)
                0x0000000008000648                irq_disable
 .text.irq_enable
                0x0000000008000650        0x8 /home/student/Melnikow/vl/button/bin/unwd-range-l1-r3/cortexm_common.a(irq_arch.o)
                0x0000000008000650                irq_enable
 .text.irq_restore
                0x0000000008000658        0x6 /home/student/Melnikow/vl/button/bin/unwd-range-l1-r3/cortexm_common.a(irq_arch.o)
                0x0000000008000658                irq_restore
 .text.irq_is_in
                0x000000000800065e        0x8 /home/student/Melnikow/vl/button/bin/unwd-range-l1-r3/cortexm_common.a(irq_arch.o)
                0x000000000800065e                irq_is_in
 *fill*         0x0000000008000666        0x2 
 .text.stdio_init
                0x0000000008000668       0x18 /home/student/Melnikow/vl/button/bin/unwd-range-l1-r3/stdio_uart.a(stdio_uart.o)
                0x0000000008000668                stdio_init
 .text.stdio_read
                0x0000000008000680       0x10 /home/student/Melnikow/vl/button/bin/unwd-range-l1-r3/stdio_uart.a(stdio_uart.o)
                0x0000000008000680                stdio_read
 .text.stdio_write
                0x0000000008000690       0x12 /home/student/Melnikow/vl/button/bin/unwd-range-l1-r3/stdio_uart.a(stdio_uart.o)
                0x0000000008000690                stdio_write
 *fill*         0x00000000080006a2        0x2 
 .text.pm_set   0x00000000080006a4      0x220 /home/student/Melnikow/vl/button/bin/unwd-range-l1-r3/stm32_common_periph.a(pm.o)
                0x00000000080006a4                pm_set
 .text.pm_off   0x00000000080008c4       0x14 /home/student/Melnikow/vl/button/bin/unwd-range-l1-r3/stm32_common_periph.a(pm.o)
                0x00000000080008c4                pm_off
 .text.irq_handler
                0x00000000080008d8       0x48 /home/student/Melnikow/vl/button/bin/unwd-range-l1-r3/stm32_common_periph.a(uart.o)
 .text.uart_set_baudrate
                0x0000000008000920       0x7c /home/student/Melnikow/vl/button/bin/unwd-range-l1-r3/stm32_common_periph.a(uart.o)
                0x0000000008000920                uart_set_baudrate
 .text.uart_write
                0x000000000800099c       0x40 /home/student/Melnikow/vl/button/bin/unwd-range-l1-r3/stm32_common_periph.a(uart.o)
                0x000000000800099c                uart_write
 .text.uart_poweron
                0x00000000080009dc       0x2c /home/student/Melnikow/vl/button/bin/unwd-range-l1-r3/stm32_common_periph.a(uart.o)
                0x00000000080009dc                uart_poweron
 .text.uart_init
                0x0000000008000a08       0xc0 /home/student/Melnikow/vl/button/bin/unwd-range-l1-r3/stm32_common_periph.a(uart.o)
                0x0000000008000a08                uart_init
 .text.isr_usart1
                0x0000000008000ac8        0x6 /home/student/Melnikow/vl/button/bin/unwd-range-l1-r3/stm32_common_periph.a(uart.o)
                0x0000000008000ac8                isr_usart1
 .text.isr_usart2
                0x0000000008000ace        0x6 /home/student/Melnikow/vl/button/bin/unwd-range-l1-r3/stm32_common_periph.a(uart.o)
                0x0000000008000ace                isr_usart2
 .text.isr_usart3
                0x0000000008000ad4        0x6 /home/student/Melnikow/vl/button/bin/unwd-range-l1-r3/stm32_common_periph.a(uart.o)
                0x0000000008000ad4                isr_usart3
 .text.gpio_init
                0x0000000008000ada       0x7a /home/student/Melnikow/vl/button/bin/unwd-range-l1-r3/stm32_common_periph.a(gpio.o)
                0x0000000008000ada                gpio_init
 .text.gpio_init_af
                0x0000000008000b54       0x5a /home/student/Melnikow/vl/button/bin/unwd-range-l1-r3/stm32_common_periph.a(gpio.o)
                0x0000000008000b54                gpio_init_af
 *fill*         0x0000000008000bae        0x2 
 .text.gpio_irq_enable
                0x0000000008000bb0       0x40 /home/student/Melnikow/vl/button/bin/unwd-range-l1-r3/stm32_common_periph.a(gpio.o)
                0x0000000008000bb0                gpio_irq_enable
 .text.gpio_irq_disable
                0x0000000008000bf0       0x44 /home/student/Melnikow/vl/button/bin/unwd-range-l1-r3/stm32_common_periph.a(gpio.o)
                0x0000000008000bf0                gpio_irq_disable
 .text.gpio_set
                0x0000000008000c34       0x16 /home/student/Melnikow/vl/button/bin/unwd-range-l1-r3/stm32_common_periph.a(gpio.o)
                0x0000000008000c34                gpio_set
 *fill*         0x0000000008000c4a        0x2 
 .text.gpio_init_int
                0x0000000008000c4c       0xc0 /home/student/Melnikow/vl/button/bin/unwd-range-l1-r3/stm32_common_periph.a(gpio.o)
                0x0000000008000c4c                gpio_init_int
 .text.isr_exti
                0x0000000008000d0c       0x50 /home/student/Melnikow/vl/button/bin/unwd-range-l1-r3/stm32_common_periph.a(gpio.o)
                0x0000000008000d0c                isr_exti
 .text._xtimer_lltimer_now
                0x0000000008000d5c        0x6 /home/student/Melnikow/vl/button/bin/unwd-range-l1-r3/xtimer.a(xtimer_core.o)
 *fill*         0x0000000008000d62        0x2 
 .text._xtimer_now
                0x0000000008000d64       0x18 /home/student/Melnikow/vl/button/bin/unwd-range-l1-r3/xtimer.a(xtimer_core.o)
 .text._lltimer_set
                0x0000000008000d7c       0x14 /home/student/Melnikow/vl/button/bin/unwd-range-l1-r3/xtimer.a(xtimer_core.o)
 .text._next_period
                0x0000000008000d90       0xc4 /home/student/Melnikow/vl/button/bin/unwd-range-l1-r3/xtimer.a(xtimer_core.o)
 .text._periph_timer_callback
                0x0000000008000e54       0xd8 /home/student/Melnikow/vl/button/bin/unwd-range-l1-r3/xtimer.a(xtimer_core.o)
 .text.xtimer_init
                0x0000000008000f2c       0x24 /home/student/Melnikow/vl/button/bin/unwd-range-l1-r3/xtimer.a(xtimer_core.o)
                0x0000000008000f2c                xtimer_init
 .text.board_init
                0x0000000008000f50       0x18 /home/student/Melnikow/vl/button/bin/unwd-range-l1-r3/boards_common_unwd.a(board.o)
                0x0000000008000f50                board_init
 .text.panic_arch
                0x0000000008000f68        0x2 /home/student/Melnikow/vl/button/bin/unwd-range-l1-r3/core.a(panic.o)
                0x0000000008000f68                panic_arch
 *fill*         0x0000000008000f6a        0x2 
 .text.core_panic
                0x0000000008000f6c       0x44 /home/student/Melnikow/vl/button/bin/unwd-range-l1-r3/core.a(panic.o)
                0x0000000008000f6c                core_panic
 .text.main_trampoline
                0x0000000008000fb0       0x18 /home/student/Melnikow/vl/button/bin/unwd-range-l1-r3/core.a(kernel_init.o)
 .text.idle_thread
                0x0000000008000fc8        0x8 /home/student/Melnikow/vl/button/bin/unwd-range-l1-r3/core.a(kernel_init.o)
 .text.kernel_init
                0x0000000008000fd0       0x58 /home/student/Melnikow/vl/button/bin/unwd-range-l1-r3/core.a(kernel_init.o)
                0x0000000008000fd0                kernel_init
 .text.thread_add_to_list
                0x0000000008001028       0x30 /home/student/Melnikow/vl/button/bin/unwd-range-l1-r3/core.a(thread.o)
                0x0000000008001028                thread_add_to_list
 .text.thread_create
                0x0000000008001058       0xec /home/student/Melnikow/vl/button/bin/unwd-range-l1-r3/core.a(thread.o)
                0x0000000008001058                thread_create
 .text.cpu_check_address
                0x0000000008001144       0x38 /home/student/Melnikow/vl/button/bin/unwd-range-l1-r3/cortexm_common.a(cortexm_init.o)
                0x0000000008001144                cpu_check_address
 .text.cpu_find_memory_size
                0x000000000800117c       0x1e /home/student/Melnikow/vl/button/bin/unwd-range-l1-r3/cortexm_common.a(cortexm_init.o)
                0x000000000800117c                cpu_find_memory_size
 *fill*         0x000000000800119a        0x2 
 .text.cortexm_init
                0x000000000800119c       0x40 /home/student/Melnikow/vl/button/bin/unwd-range-l1-r3/cortexm_common.a(cortexm_init.o)
                0x000000000800119c                cortexm_init
 .text.isrpipe_write_one
                0x00000000080011dc       0x16 /home/student/Melnikow/vl/button/bin/unwd-range-l1-r3/isrpipe.a(isrpipe.o)
                0x00000000080011dc                isrpipe_write_one
 .text.isrpipe_read
                0x00000000080011f2       0x24 /home/student/Melnikow/vl/button/bin/unwd-range-l1-r3/isrpipe.a(isrpipe.o)
                0x00000000080011f2                isrpipe_read
 *fill*         0x0000000008001216        0x2 
 .text.pm_set_lowest
                0x0000000008001218       0x40 /home/student/Melnikow/vl/button/bin/unwd-range-l1-r3/pm_layered.a(pm.o)
                0x0000000008001218                pm_set_lowest
 .text.cpu_init
                0x0000000008001258       0x90 /home/student/Melnikow/vl/button/bin/unwd-range-l1-r3/stm32_common.a(cpu_init.o)
                0x0000000008001258                cpu_init
 .text.stmclk_init_sysclk
                0x00000000080012e8      0x160 /home/student/Melnikow/vl/button/bin/unwd-range-l1-r3/stm32_common.a(stmclk_l0l1.o)
                0x00000000080012e8                stmclk_init_sysclk
 .text.periph_apb_clk
                0x0000000008001448        0xc /home/student/Melnikow/vl/button/bin/unwd-range-l1-r3/stm32_common.a(cpu_common.o)
                0x0000000008001448                periph_apb_clk
 .text.periph_timer_clk
                0x0000000008001454       0x14 /home/student/Melnikow/vl/button/bin/unwd-range-l1-r3/stm32_common.a(cpu_common.o)
                0x0000000008001454                periph_timer_clk
 .text.periph_clk_en
                0x0000000008001468       0x34 /home/student/Melnikow/vl/button/bin/unwd-range-l1-r3/stm32_common.a(cpu_common.o)
                0x0000000008001468                periph_clk_en
 .text.periph_clk_dis
                0x000000000800149c       0x34 /home/student/Melnikow/vl/button/bin/unwd-range-l1-r3/stm32_common.a(cpu_common.o)
                0x000000000800149c                periph_clk_dis
 .text.is_periph_clk
                0x00000000080014d0       0x30 /home/student/Melnikow/vl/button/bin/unwd-range-l1-r3/stm32_common.a(cpu_common.o)
                0x00000000080014d0                is_periph_clk
 .text.cpu_init_status
                0x0000000008001500       0x78 /home/student/Melnikow/vl/button/bin/unwd-range-l1-r3/stm32_common.a(stm_status.o)
                0x0000000008001500                cpu_init_status
 .text.irq_handler
                0x0000000008001578       0x78 /home/student/Melnikow/vl/button/bin/unwd-range-l1-r3/stm32_common_periph.a(timer.o)
 .text.timer_set_absolute
                0x00000000080015f0       0x40 /home/student/Melnikow/vl/button/bin/unwd-range-l1-r3/stm32_common_periph.a(timer.o)
                0x00000000080015f0                timer_set_absolute
 .text.timer_read
                0x0000000008001630       0x10 /home/student/Melnikow/vl/button/bin/unwd-range-l1-r3/stm32_common_periph.a(timer.o)
                0x0000000008001630                timer_read
 .text.timer_start
                0x0000000008001640       0x14 /home/student/Melnikow/vl/button/bin/unwd-range-l1-r3/stm32_common_periph.a(timer.o)
                0x0000000008001640                timer_start
 .text.timer_init
                0x0000000008001654       0x84 /home/student/Melnikow/vl/button/bin/unwd-range-l1-r3/stm32_common_periph.a(timer.o)
                0x0000000008001654                timer_init
 .text.isr_tim11
                0x00000000080016d8        0x6 /home/student/Melnikow/vl/button/bin/unwd-range-l1-r3/stm32_common_periph.a(timer.o)
                0x00000000080016d8                isr_tim11
 .text.isr_tim9
                0x00000000080016de        0x6 /home/student/Melnikow/vl/button/bin/unwd-range-l1-r3/stm32_common_periph.a(timer.o)
                0x00000000080016de                isr_tim9
 .text._pop     0x00000000080016e4       0x12 /home/student/Melnikow/vl/button/bin/unwd-range-l1-r3/tsrb.a(tsrb.o)
 .text.tsrb_get
                0x00000000080016f6       0x26 /home/student/Melnikow/vl/button/bin/unwd-range-l1-r3/tsrb.a(tsrb.o)
                0x00000000080016f6                tsrb_get
 .text.tsrb_add_one
                0x000000000800171c       0x26 /home/student/Melnikow/vl/button/bin/unwd-range-l1-r3/tsrb.a(tsrb.o)
                0x000000000800171c                tsrb_add_one
 .text.periph_init
                0x0000000008001742        0x2 /home/student/Melnikow/vl/button/bin/unwd-range-l1-r3/periph_common.a(init.o)
                0x0000000008001742                periph_init
 .text._xtimer_now
                0x0000000008001744       0x1c /home/student/Melnikow/vl/button/bin/unwd-range-l1-r3/application_button.a(main.o)
 .text.btn_handler
                0x0000000008001760       0x70 /home/student/Melnikow/vl/button/bin/unwd-range-l1-r3/application_button.a(main.o)
 .text.startup.main
                0x00000000080017d0       0x38 /home/student/Melnikow/vl/button/bin/unwd-range-l1-r3/application_button.a(main.o)
                0x00000000080017d0                main
 .text.auto_init
                0x0000000008001808        0x4 /home/student/Melnikow/vl/button/bin/unwd-range-l1-r3/auto_init.a(auto_init.o)
                0x0000000008001808                auto_init
 .text._mutex_lock
                0x000000000800180c       0x60 /home/student/Melnikow/vl/button/bin/unwd-range-l1-r3/core.a(mutex.o)
                0x000000000800180c                _mutex_lock
 .text.mutex_unlock
                0x000000000800186c       0x4c /home/student/Melnikow/vl/button/bin/unwd-range-l1-r3/core.a(mutex.o)
                0x000000000800186c                mutex_unlock
 .text.__libc_init_array
                0x00000000080018b8       0x48 /usr/bin/../lib/gcc/arm-none-eabi/7.3.1/../../../../arm-none-eabi/lib/thumb/v7-m/libc_nano.a(lib_a-init.o)
                0x00000000080018b8                __libc_init_array
 .text.printf   0x0000000008001900       0x30 /usr/bin/../lib/gcc/arm-none-eabi/7.3.1/../../../../arm-none-eabi/lib/thumb/v7-m/libc_nano.a(lib_a-printf.o)
                0x0000000008001900                printf
                0x0000000008001900                iprintf
 .text._puts_r  0x0000000008001930       0xb8 /usr/bin/../lib/gcc/arm-none-eabi/7.3.1/../../../../arm-none-eabi/lib/thumb/v7-m/libc_nano.a(lib_a-puts.o)
                0x0000000008001930                _puts_r
 .text.puts     0x00000000080019e8       0x10 /usr/bin/../lib/gcc/arm-none-eabi/7.3.1/../../../../arm-none-eabi/lib/thumb/v7-m/libc_nano.a(lib_a-puts.o)
                0x00000000080019e8                puts
 .text.__swbuf_r
                0x00000000080019f8       0xa4 /usr/bin/../lib/gcc/arm-none-eabi/7.3.1/../../../../arm-none-eabi/lib/thumb/v7-m/libc_nano.a(lib_a-wbuf.o)
                0x00000000080019f8                __swbuf_r
 .text.__swsetup_r
                0x0000000008001a9c       0xdc /usr/bin/../lib/gcc/arm-none-eabi/7.3.1/../../../../arm-none-eabi/lib/thumb/v7-m/libc_nano.a(lib_a-wsetup.o)
                0x0000000008001a9c                __swsetup_r
 .text.__sflush_r
                0x0000000008001b78      0x10c /usr/bin/../lib/gcc/arm-none-eabi/7.3.1/../../../../arm-none-eabi/lib/thumb/v7-m/libc_nano.a(lib_a-fflush.o)
                0x0000000008001b78                __sflush_r
 .text._fflush_r
                0x0000000008001c84       0x54 /usr/bin/../lib/gcc/arm-none-eabi/7.3.1/../../../../arm-none-eabi/lib/thumb/v7-m/libc_nano.a(lib_a-fflush.o)
                0x0000000008001c84                _fflush_r
 .text.std      0x0000000008001cd8       0x48 /usr/bin/../lib/gcc/arm-none-eabi/7.3.1/../../../../arm-none-eabi/lib/thumb/v7-m/libc_nano.a(lib_a-findfp.o)
 .text._cleanup_r
                0x0000000008001d20        0xc /usr/bin/../lib/gcc/arm-none-eabi/7.3.1/../../../../arm-none-eabi/lib/thumb/v7-m/libc_nano.a(lib_a-findfp.o)
                0x0000000008001d20                _cleanup_r
 .text.__sfmoreglue
                0x0000000008001d2c       0x2c /usr/bin/../lib/gcc/arm-none-eabi/7.3.1/../../../../arm-none-eabi/lib/thumb/v7-m/libc_nano.a(lib_a-findfp.o)
                0x0000000008001d2c                __sfmoreglue
 .text.__sinit  0x0000000008001d58       0x60 /usr/bin/../lib/gcc/arm-none-eabi/7.3.1/../../../../arm-none-eabi/lib/thumb/v7-m/libc_nano.a(lib_a-findfp.o)
                0x0000000008001d58                __sinit
 .text.__sfp    0x0000000008001db8       0x78 /usr/bin/../lib/gcc/arm-none-eabi/7.3.1/../../../../arm-none-eabi/lib/thumb/v7-m/libc_nano.a(lib_a-findfp.o)
                0x0000000008001db8                __sfp
 .text._fwalk_reent
                0x0000000008001e30       0x3c /usr/bin/../lib/gcc/arm-none-eabi/7.3.1/../../../../arm-none-eabi/lib/thumb/v7-m/libc_nano.a(lib_a-fwalk.o)
                0x0000000008001e30                _fwalk_reent
 .text.__swhatbuf_r
                0x0000000008001e6c       0x48 /usr/bin/../lib/gcc/arm-none-eabi/7.3.1/../../../../arm-none-eabi/lib/thumb/v7-m/libc_nano.a(lib_a-makebuf.o)
                0x0000000008001e6c                __swhatbuf_r
 .text.__smakebuf_r
                0x0000000008001eb4       0x80 /usr/bin/../lib/gcc/arm-none-eabi/7.3.1/../../../../arm-none-eabi/lib/thumb/v7-m/libc_nano.a(lib_a-makebuf.o)
                0x0000000008001eb4                __smakebuf_r
 .text.memset   0x0000000008001f34       0x10 /usr/bin/../lib/gcc/arm-none-eabi/7.3.1/../../../../arm-none-eabi/lib/thumb/v7-m/libc_nano.a(lib_a-memset.o)
                0x0000000008001f34                memset
 .text._free_r  0x0000000008001f44       0x98 /usr/bin/../lib/gcc/arm-none-eabi/7.3.1/../../../../arm-none-eabi/lib/thumb/v7-m/libc_nano.a(lib_a-nano-freer.o)
                0x0000000008001f44                _free_r
 .text._malloc_r
                0x0000000008001fdc       0xb4 /usr/bin/../lib/gcc/arm-none-eabi/7.3.1/../../../../arm-none-eabi/lib/thumb/v7-m/libc_nano.a(lib_a-nano-mallocr.o)
                0x0000000008001fdc                _malloc_r
 .text.__sfputc_r
                0x0000000008002090       0x2a /usr/bin/../lib/gcc/arm-none-eabi/7.3.1/../../../../arm-none-eabi/lib/thumb/v7-m/libc_nano.a(lib_a-nano-vfprintf.o)
 .text.__sfputs_r
                0x00000000080020ba       0x24 /usr/bin/../lib/gcc/arm-none-eabi/7.3.1/../../../../arm-none-eabi/lib/thumb/v7-m/libc_nano.a(lib_a-nano-vfprintf.o)
                0x00000000080020ba                __sfputs_r
 *fill*         0x00000000080020de        0x2 
 .text._vfprintf_r
                0x00000000080020e0      0x22c /usr/bin/../lib/gcc/arm-none-eabi/7.3.1/../../../../arm-none-eabi/lib/thumb/v7-m/libc_nano.a(lib_a-nano-vfprintf.o)
                0x00000000080020e0                _vfiprintf_r
                0x00000000080020e0                _vfprintf_r
 .text._printf_common
                0x000000000800230c       0xec /usr/bin/../lib/gcc/arm-none-eabi/7.3.1/../../../../arm-none-eabi/lib/thumb/v7-m/libc_nano.a(lib_a-nano-vfprintf_i.o)
                0x000000000800230c                _printf_common
 .text._printf_i
                0x00000000080023f8      0x224 /usr/bin/../lib/gcc/arm-none-eabi/7.3.1/../../../../arm-none-eabi/lib/thumb/v7-m/libc_nano.a(lib_a-nano-vfprintf_i.o)
                0x00000000080023f8                _printf_i
 .text.__sread  0x000000000800261c       0x22 /usr/bin/../lib/gcc/arm-none-eabi/7.3.1/../../../../arm-none-eabi/lib/thumb/v7-m/libc_nano.a(lib_a-stdio.o)
                0x000000000800261c                __sread
 .text.__swrite
                0x000000000800263e       0x38 /usr/bin/../lib/gcc/arm-none-eabi/7.3.1/../../../../arm-none-eabi/lib/thumb/v7-m/libc_nano.a(lib_a-stdio.o)
                0x000000000800263e                __swrite
 .text.__sseek  0x0000000008002676       0x24 /usr/bin/../lib/gcc/arm-none-eabi/7.3.1/../../../../arm-none-eabi/lib/thumb/v7-m/libc_nano.a(lib_a-stdio.o)
                0x0000000008002676                __sseek
 .text.__sclose
                0x000000000800269a        0x8 /usr/bin/../lib/gcc/arm-none-eabi/7.3.1/../../../../arm-none-eabi/lib/thumb/v7-m/libc_nano.a(lib_a-stdio.o)
                0x000000000800269a                __sclose
 .text.memchr   0x00000000080026a2       0x1c /usr/bin/../lib/gcc/arm-none-eabi/7.3.1/../../../../arm-none-eabi/lib/thumb/v7-m/libc_nano.a(lib_a-memchr-stub.o)
                0x00000000080026a2                memchr
 .text.__malloc_lock
                0x00000000080026be        0x2 /usr/bin/../lib/gcc/arm-none-eabi/7.3.1/../../../../arm-none-eabi/lib/thumb/v7-m/libc_nano.a(lib_a-mlock.o)
                0x00000000080026be                __malloc_lock
 .text.__malloc_unlock
                0x00000000080026c0        0x2 /usr/bin/../lib/gcc/arm-none-eabi/7.3.1/../../../../arm-none-eabi/lib/thumb/v7-m/libc_nano.a(lib_a-mlock.o)
                0x00000000080026c0                __malloc_unlock
 *(.glue_7t)
 .glue_7t       0x00000000080026c2        0x0 linker stubs
 *(.glue_7)
 .glue_7        0x00000000080026c2        0x0 linker stubs
 *(.rodata .rodata* .gnu.linkonce.r.*)
 .rodata.bus_fault_default.str1.1
                0x00000000080026c2       0x12 /home/student/Melnikow/vl/button/bin/unwd-range-l1-r3/cortexm_common.a(vectors_cortexm.o)
 .rodata.debug_mon_default.str1.1
                0x00000000080026d4       0x12 /home/student/Melnikow/vl/button/bin/unwd-range-l1-r3/cortexm_common.a(vectors_cortexm.o)
 .rodata.dummy_handler_default.str1.1
                0x00000000080026e6        0xe /home/student/Melnikow/vl/button/bin/unwd-range-l1-r3/cortexm_common.a(vectors_cortexm.o)
 .rodata.hard_fault_handler.str1.1
                0x00000000080026f4      0x1f4 /home/student/Melnikow/vl/button/bin/unwd-range-l1-r3/cortexm_common.a(vectors_cortexm.o)
 .rodata.mem_manage_default.str1.1
                0x00000000080028e8       0x13 /home/student/Melnikow/vl/button/bin/unwd-range-l1-r3/cortexm_common.a(vectors_cortexm.o)
 .rodata.nmi_default.str1.1
                0x00000000080028fb        0xc /home/student/Melnikow/vl/button/bin/unwd-range-l1-r3/cortexm_common.a(vectors_cortexm.o)
 .rodata.usage_fault_default.str1.1
                0x0000000008002907       0x14 /home/student/Melnikow/vl/button/bin/unwd-range-l1-r3/cortexm_common.a(vectors_cortexm.o)
 *fill*         0x000000000800291b        0x1 
 .rodata.uart_config
                0x000000000800291c       0x48 /home/student/Melnikow/vl/button/bin/unwd-range-l1-r3/stm32_common_periph.a(pm.o)
 .rodata.uart_config
                0x0000000008002964       0x48 /home/student/Melnikow/vl/button/bin/unwd-range-l1-r3/stm32_common_periph.a(uart.o)
 .rodata.assert_crash_message
                0x00000000080029ac       0x12 /home/student/Melnikow/vl/button/bin/unwd-range-l1-r3/core.a(panic.o)
                0x00000000080029ac                assert_crash_message
 .rodata.core_panic.str1.1
                0x00000000080029be       0x2e /home/student/Melnikow/vl/button/bin/unwd-range-l1-r3/core.a(panic.o)
 .rodata.main_trampoline.str1.1
                0x00000000080029ec       0x30 /home/student/Melnikow/vl/button/bin/unwd-range-l1-r3/core.a(kernel_init.o)
 .rodata.str1.1
                0x0000000008002a1c        0xa /home/student/Melnikow/vl/button/bin/unwd-range-l1-r3/core.a(kernel_init.o)
 .rodata.apbmul
                0x0000000008002a26        0x2 /home/student/Melnikow/vl/button/bin/unwd-range-l1-r3/stm32_common.a(cpu_common.o)
 .rodata.CSWTCH.1
                0x0000000008002a28       0x22 /home/student/Melnikow/vl/button/bin/unwd-range-l1-r3/stm32_common.a(stm_status.o)
 *fill*         0x0000000008002a4a        0x2 
 .rodata.timer_config
                0x0000000008002a4c       0x20 /home/student/Melnikow/vl/button/bin/unwd-range-l1-r3/stm32_common_periph.a(timer.o)
 .rodata.btn_handler.str1.1
                0x0000000008002a6c       0x11 /home/student/Melnikow/vl/button/bin/unwd-range-l1-r3/application_button.a(main.o)
 *fill*         0x0000000008002a7d        0x3 
 .rodata.buttons
                0x0000000008002a80       0x10 /home/student/Melnikow/vl/button/bin/unwd-range-l1-r3/application_button.a(main.o)
 .rodata._global_impure_ptr
                0x0000000008002a90        0x4 /usr/bin/../lib/gcc/arm-none-eabi/7.3.1/../../../../arm-none-eabi/lib/thumb/v7-m/libc_nano.a(lib_a-impure.o)
                0x0000000008002a90                _global_impure_ptr
 .rodata.__sf_fake_stderr
                0x0000000008002a94       0x20 /usr/bin/../lib/gcc/arm-none-eabi/7.3.1/../../../../arm-none-eabi/lib/thumb/v7-m/libc_nano.a(lib_a-findfp.o)
                0x0000000008002a94                __sf_fake_stderr
 .rodata.__sf_fake_stdin
                0x0000000008002ab4       0x20 /usr/bin/../lib/gcc/arm-none-eabi/7.3.1/../../../../arm-none-eabi/lib/thumb/v7-m/libc_nano.a(lib_a-findfp.o)
                0x0000000008002ab4                __sf_fake_stdin
 .rodata.__sf_fake_stdout
                0x0000000008002ad4       0x20 /usr/bin/../lib/gcc/arm-none-eabi/7.3.1/../../../../arm-none-eabi/lib/thumb/v7-m/libc_nano.a(lib_a-findfp.o)
                0x0000000008002ad4                __sf_fake_stdout
 .rodata._vfprintf_r.str1.1
                0x0000000008002af4       0x11 /usr/bin/../lib/gcc/arm-none-eabi/7.3.1/../../../../arm-none-eabi/lib/thumb/v7-m/libc_nano.a(lib_a-nano-vfprintf.o)
 .rodata._printf_i.str1.1
                0x0000000008002b05       0x22 /usr/bin/../lib/gcc/arm-none-eabi/7.3.1/../../../../arm-none-eabi/lib/thumb/v7-m/libc_nano.a(lib_a-nano-vfprintf_i.o)
 *(.ARM.extab* .gnu.linkonce.armextab.*)
                0x0000000008002b28                . = ALIGN (0x4)
 *fill*         0x0000000008002b27        0x1 
 *(.init)
                0x0000000008002b28                . = ALIGN (0x4)
                0x0000000008002b28                __preinit_array_start = .
 *(.preinit_array)
                0x0000000008002b28                __preinit_array_end = .
                0x0000000008002b28                . = ALIGN (0x4)
                0x0000000008002b28                __init_array_start = .
 *(SORT_BY_NAME(.init_array.*))
 *(.init_array)
                0x0000000008002b28                __init_array_end = .
                0x0000000008002b28                . = ALIGN (0x4)
 *crtbegin.o(.ctors)
 *(EXCLUDE_FILE(*crtend.o) .ctors)
 *(SORT_BY_NAME(.ctors.*))
 *crtend.o(.ctors)
                0x0000000008002b28                . = ALIGN (0x4)
 *(.fini)
                0x0000000008002b28                . = ALIGN (0x4)
                0x0000000008002b28                __fini_array_start = .
 *(.fini_array)
 *(SORT_BY_NAME(.fini_array.*))
                0x0000000008002b28                __fini_array_end = .
 *crtbegin.o(.dtors)
 *(EXCLUDE_FILE(*crtend.o) .dtors)
 *(SORT_BY_NAME(.dtors.*))
 *crtend.o(.dtors)
                0x0000000008002b28                . = ALIGN (0x4)
                0x0000000008002b28                _efixed = .
                [!provide]                        PROVIDE (__exidx_start = .)

.vfp11_veneer   0x0000000008002b28        0x0
 .vfp11_veneer  0x0000000008002b28        0x0 linker stubs

.v4_bx          0x0000000008002b28        0x0
 .v4_bx         0x0000000008002b28        0x0 linker stubs

.iplt           0x0000000008002b28        0x0
 .iplt          0x0000000008002b28        0x0 /home/student/Melnikow/vl/button/bin/unwd-range-l1-r3/cpu/vectors.o

.igot.plt       0x0000000008002b28        0x0
 .igot.plt      0x0000000008002b28        0x0 /home/student/Melnikow/vl/button/bin/unwd-range-l1-r3/cpu/vectors.o

.rel.dyn        0x0000000008002b28        0x0
 .rel.iplt      0x0000000008002b28        0x0 /home/student/Melnikow/vl/button/bin/unwd-range-l1-r3/cpu/vectors.o

.ARM.exidx
 *(.ARM.exidx* .gnu.linkonce.armexidx.*)
                [!provide]                        PROVIDE (__exidx_end = .)
                0x0000000008002b28                . = ALIGN (0x4)

.eh_frame
 *(.eh_frame)
                0x0000000008002b28                . = ALIGN (0x4)
                0x0000000008002b28                _etext = .

.stack          0x0000000020000000      0x200
 *(.puf)
                0x0000000020000000                . = ALIGN (0x8)
                0x0000000020000000                _sstack = .
 *(.isr_stack)
 .isr_stack     0x0000000020000000      0x200 /home/student/Melnikow/vl/button/bin/unwd-range-l1-r3/cortexm_common.a(vectors_cortexm.o)
                0x0000000020000000                isr_stack
                0x0000000020000200                . = ALIGN (0x8)
                0x0000000020000200                _estack = .

.relocate       0x0000000020000200       0x8c load address 0x0000000008002b28
                0x0000000020000200                . = ALIGN (0x4)
                0x0000000020000200                _srelocate = .
 *(.ramfunc .ramfunc.*)
 *(.data .data.*)
 .data.heap_top
                0x0000000020000200        0x4 /home/student/Melnikow/vl/button/bin/unwd-range-l1-r3/newlib_syscalls_default/syscalls.o
                0x0000000020000200                heap_top
 .data.stdio_uart_isrpipe
                0x0000000020000204       0x14 /home/student/Melnikow/vl/button/bin/unwd-range-l1-r3/stdio_uart.a(stdio_uart.o)
                0x0000000020000204                stdio_uart_isrpipe
 .data.idle_name
                0x0000000020000218        0x4 /home/student/Melnikow/vl/button/bin/unwd-range-l1-r3/core.a(kernel_init.o)
                0x0000000020000218                idle_name
 .data.main_name
                0x000000002000021c        0x4 /home/student/Melnikow/vl/button/bin/unwd-range-l1-r3/core.a(kernel_init.o)
                0x000000002000021c                main_name
 .data.pm_blocker
                0x0000000020000220        0x4 /home/student/Melnikow/vl/button/bin/unwd-range-l1-r3/pm_layered.a(pm.o)
                0x0000000020000220                pm_blocker
 .data._impure_ptr
                0x0000000020000224        0x4 /usr/bin/../lib/gcc/arm-none-eabi/7.3.1/../../../../arm-none-eabi/lib/thumb/v7-m/libc_nano.a(lib_a-impure.o)
                0x0000000020000224                _impure_ptr
 .data.impure_data
                0x0000000020000228       0x60 /usr/bin/../lib/gcc/arm-none-eabi/7.3.1/../../../../arm-none-eabi/lib/thumb/v7-m/libc_nano.a(lib_a-impure.o)
 *(.openocd .openocd.*)
 .openocd       0x0000000020000288        0x2 /home/student/Melnikow/vl/button/bin/unwd-range-l1-r3/core.a(sched.o)
                0x0000000020000288                _tcb_name_offset
                0x0000000020000289                max_threads
                0x000000002000028c                . = ALIGN (0x4)
 *fill*         0x000000002000028a        0x2 
                0x000000002000028c                _erelocate = .

.noinit         0x000000002000028c        0x0 load address 0x0000000008002bb4
                0x000000002000028c                __noinit_start = .
 *(.noinit)
                0x000000002000028c                . = ALIGN (0x4)
                0x000000002000028c                __noinit_end = .

.bss            0x000000002000028c      0xf88 load address 0x0000000008002bb4
                0x000000002000028c                . = ALIGN (0x4)
                0x000000002000028c                _sbss = .
                0x000000002000028c                _szero = .
 *(.bss .bss.*)
 .bss.runqueue_bitcache
                0x000000002000028c        0x4 /home/student/Melnikow/vl/button/bin/unwd-range-l1-r3/core.a(sched.o)
 .bss.sched_active_pid
                0x0000000020000290        0x2 /home/student/Melnikow/vl/button/bin/unwd-range-l1-r3/core.a(sched.o)
                0x0000000020000290                sched_active_pid
 *fill*         0x0000000020000292        0x2 
 .bss.sched_active_thread
                0x0000000020000294        0x4 /home/student/Melnikow/vl/button/bin/unwd-range-l1-r3/core.a(sched.o)
                0x0000000020000294                sched_active_thread
 .bss.sched_context_switch_request
                0x0000000020000298        0x4 /home/student/Melnikow/vl/button/bin/unwd-range-l1-r3/core.a(sched.o)
                0x0000000020000298                sched_context_switch_request
 .bss.sched_num_threads
                0x000000002000029c        0x4 /home/student/Melnikow/vl/button/bin/unwd-range-l1-r3/core.a(sched.o)
                0x000000002000029c                sched_num_threads
 .bss.sched_runqueues
                0x00000000200002a0       0x40 /home/student/Melnikow/vl/button/bin/unwd-range-l1-r3/core.a(sched.o)
                0x00000000200002a0                sched_runqueues
 .bss.sched_threads
                0x00000000200002e0       0x84 /home/student/Melnikow/vl/button/bin/unwd-range-l1-r3/core.a(sched.o)
                0x00000000200002e0                sched_threads
 .bss._rx_buf_mem
                0x0000000020000364       0x40 /home/student/Melnikow/vl/button/bin/unwd-range-l1-r3/stdio_uart.a(stdio_uart.o)
 .bss.lpm_gpio_brr
                0x00000000200003a4       0x10 /home/student/Melnikow/vl/button/bin/unwd-range-l1-r3/stm32_common_periph.a(pm.o)
 .bss.lpm_gpio_moder
                0x00000000200003b4       0x20 /home/student/Melnikow/vl/button/bin/unwd-range-l1-r3/stm32_common_periph.a(pm.o)
 .bss.lpm_gpio_otyper
                0x00000000200003d4       0x10 /home/student/Melnikow/vl/button/bin/unwd-range-l1-r3/stm32_common_periph.a(pm.o)
 .bss.lpm_gpio_pupdr
                0x00000000200003e4       0x20 /home/student/Melnikow/vl/button/bin/unwd-range-l1-r3/stm32_common_periph.a(pm.o)
 .bss.lpm_usart
                0x0000000020000404        0x3 /home/student/Melnikow/vl/button/bin/unwd-range-l1-r3/stm32_common_periph.a(pm.o)
 .bss.powermode
                0x0000000020000407        0x1 /home/student/Melnikow/vl/button/bin/unwd-range-l1-r3/stm32_common_periph.a(pm.o)
 .bss.isr_ctx   0x0000000020000408       0x24 /home/student/Melnikow/vl/button/bin/unwd-range-l1-r3/stm32_common_periph.a(uart.o)
 .bss.isr_ctx   0x000000002000042c       0x80 /home/student/Melnikow/vl/button/bin/unwd-range-l1-r3/stm32_common_periph.a(gpio.o)
 .bss._in_handler
                0x00000000200004ac        0x4 /home/student/Melnikow/vl/button/bin/unwd-range-l1-r3/xtimer.a(xtimer_core.o)
 .bss._long_cnt
                0x00000000200004b0        0x4 /home/student/Melnikow/vl/button/bin/unwd-range-l1-r3/xtimer.a(xtimer_core.o)
 .bss._xtimer_high_cnt
                0x00000000200004b4        0x4 /home/student/Melnikow/vl/button/bin/unwd-range-l1-r3/xtimer.a(xtimer_core.o)
                0x00000000200004b4                _xtimer_high_cnt
 .bss.long_list_head
                0x00000000200004b8        0x4 /home/student/Melnikow/vl/button/bin/unwd-range-l1-r3/xtimer.a(xtimer_core.o)
 .bss.overflow_list_head
                0x00000000200004bc        0x4 /home/student/Melnikow/vl/button/bin/unwd-range-l1-r3/xtimer.a(xtimer_core.o)
 .bss.timer_list_head
                0x00000000200004c0        0x4 /home/student/Melnikow/vl/button/bin/unwd-range-l1-r3/xtimer.a(xtimer_core.o)
 .bss.crashed   0x00000000200004c4        0x4 /home/student/Melnikow/vl/button/bin/unwd-range-l1-r3/core.a(panic.o)
 .bss.idle_stack
                0x00000000200004c8      0x100 /home/student/Melnikow/vl/button/bin/unwd-range-l1-r3/core.a(kernel_init.o)
 .bss.main_stack
                0x00000000200005c8      0xc00 /home/student/Melnikow/vl/button/bin/unwd-range-l1-r3/core.a(kernel_init.o)
 .bss.clock_source_rdy
                0x00000000200011c8        0x4 /home/student/Melnikow/vl/button/bin/unwd-range-l1-r3/stm32_common.a(stmclk_l0l1.o)
 .bss.cpu_status
                0x00000000200011cc       0x28 /home/student/Melnikow/vl/button/bin/unwd-range-l1-r3/stm32_common.a(stm_status.o)
                0x00000000200011cc                cpu_status
 .bss.isr_ctx   0x00000000200011f4       0x10 /home/student/Melnikow/vl/button/bin/unwd-range-l1-r3/stm32_common_periph.a(timer.o)
 .bss.last_wakeup
                0x0000000020001204        0x4 /home/student/Melnikow/vl/button/bin/unwd-range-l1-r3/application_button.a(main.o)
                0x0000000020001204                last_wakeup
 .bss.step      0x0000000020001208        0x4 /home/student/Melnikow/vl/button/bin/unwd-range-l1-r3/application_button.a(main.o)
                0x0000000020001208                step
 .bss.__malloc_free_list
                0x000000002000120c        0x4 /usr/bin/../lib/gcc/arm-none-eabi/7.3.1/../../../../arm-none-eabi/lib/thumb/v7-m/libc_nano.a(lib_a-nano-mallocr.o)
                0x000000002000120c                __malloc_free_list
 .bss.__malloc_sbrk_start
                0x0000000020001210        0x4 /usr/bin/../lib/gcc/arm-none-eabi/7.3.1/../../../../arm-none-eabi/lib/thumb/v7-m/libc_nano.a(lib_a-nano-mallocr.o)
                0x0000000020001210                __malloc_sbrk_start
 *(COMMON)
                0x0000000020001214                . = ALIGN (0x4)
                0x0000000020001214                _ebss = .
                0x0000000020001214                _ezero = .
                0x0000000020001214                . = ALIGN (0x4)
                0x0000000020001214                _sheap = .
                0x0000000020014000                _eheap = (ORIGIN (ram) + LENGTH (ram))
                0x0000000020000000                _sram = ORIGIN (ram)
                0x0000000020014000                _eram = (ORIGIN (ram) + LENGTH (ram))
OUTPUT(/home/student/Melnikow/vl/button/bin/unwd-range-l1-r3/button.elf elf32-littlearm)

.debug_info     0x0000000000000000    0x255af
 .debug_info    0x0000000000000000       0xfe /home/student/Melnikow/vl/button/bin/unwd-range-l1-r3/cpu/vectors.o
 .debug_info    0x00000000000000fe     0x20cc /home/student/Melnikow/vl/button/bin/unwd-range-l1-r3/newlib_syscalls_default/syscalls.o
 .debug_info    0x00000000000021ca      0xec0 /home/student/Melnikow/vl/button/bin/unwd-range-l1-r3/core.a(sched.o)
 .debug_info    0x000000000000308a     0x10fe /home/student/Melnikow/vl/button/bin/unwd-range-l1-r3/cortexm_common.a(thread_arch.o)
 .debug_info    0x0000000000004188     0x1583 /home/student/Melnikow/vl/button/bin/unwd-range-l1-r3/cortexm_common.a(vectors_cortexm.o)
 .debug_info    0x000000000000570b      0xe15 /home/student/Melnikow/vl/button/bin/unwd-range-l1-r3/cortexm_common.a(irq_arch.o)
 .debug_info    0x0000000000006520     0x18cc /home/student/Melnikow/vl/button/bin/unwd-range-l1-r3/stdio_uart.a(stdio_uart.o)
 .debug_info    0x0000000000007dec     0x1f46 /home/student/Melnikow/vl/button/bin/unwd-range-l1-r3/stm32_common_periph.a(pm.o)
 .debug_info    0x0000000000009d32     0x21d8 /home/student/Melnikow/vl/button/bin/unwd-range-l1-r3/stm32_common_periph.a(uart.o)
 .debug_info    0x000000000000bf0a     0x23bb /home/student/Melnikow/vl/button/bin/unwd-range-l1-r3/stm32_common_periph.a(gpio.o)
 .debug_info    0x000000000000e2c5     0x24d7 /home/student/Melnikow/vl/button/bin/unwd-range-l1-r3/xtimer.a(xtimer_core.o)
 .debug_info    0x000000000001079c     0x173f /home/student/Melnikow/vl/button/bin/unwd-range-l1-r3/boards_common_unwd.a(board.o)
 .debug_info    0x0000000000011edb      0xe61 /home/student/Melnikow/vl/button/bin/unwd-range-l1-r3/core.a(panic.o)
 .debug_info    0x0000000000012d3c      0xecb /home/student/Melnikow/vl/button/bin/unwd-range-l1-r3/core.a(kernel_init.o)
 .debug_info    0x0000000000013c07     0x1238 /home/student/Melnikow/vl/button/bin/unwd-range-l1-r3/core.a(thread.o)
 .debug_info    0x0000000000014e3f     0x13ea /home/student/Melnikow/vl/button/bin/unwd-range-l1-r3/cortexm_common.a(cortexm_init.o)
 .debug_info    0x0000000000016229     0x1cea /home/student/Melnikow/vl/button/bin/unwd-range-l1-r3/isrpipe.a(isrpipe.o)
 .debug_info    0x0000000000017f13      0xe5c /home/student/Melnikow/vl/button/bin/unwd-range-l1-r3/pm_layered.a(pm.o)
 .debug_info    0x0000000000018d6f     0x196e /home/student/Melnikow/vl/button/bin/unwd-range-l1-r3/stm32_common.a(cpu_init.o)
 .debug_info    0x000000000001a6dd     0x1948 /home/student/Melnikow/vl/button/bin/unwd-range-l1-r3/stm32_common.a(stmclk_l0l1.o)
 .debug_info    0x000000000001c025     0x1922 /home/student/Melnikow/vl/button/bin/unwd-range-l1-r3/stm32_common.a(cpu_common.o)
 .debug_info    0x000000000001d947     0x186f /home/student/Melnikow/vl/button/bin/unwd-range-l1-r3/stm32_common.a(stm_status.o)
 .debug_info    0x000000000001f1b6     0x1ff6 /home/student/Melnikow/vl/button/bin/unwd-range-l1-r3/stm32_common_periph.a(timer.o)
 .debug_info    0x00000000000211ac      0x39e /home/student/Melnikow/vl/button/bin/unwd-range-l1-r3/tsrb.a(tsrb.o)
 .debug_info    0x000000000002154a       0x3b /home/student/Melnikow/vl/button/bin/unwd-range-l1-r3/periph_common.a(init.o)
 .debug_info    0x0000000000021585     0x1a4e /home/student/Melnikow/vl/button/bin/unwd-range-l1-r3/application_button.a(main.o)
 .debug_info    0x0000000000022fd3     0x16cf /home/student/Melnikow/vl/button/bin/unwd-range-l1-r3/auto_init.a(auto_init.o)
 .debug_info    0x00000000000246a2      0xf0d /home/student/Melnikow/vl/button/bin/unwd-range-l1-r3/core.a(mutex.o)

.debug_abbrev   0x0000000000000000     0x51f7
 .debug_abbrev  0x0000000000000000       0xc5 /home/student/Melnikow/vl/button/bin/unwd-range-l1-r3/cpu/vectors.o
 .debug_abbrev  0x00000000000000c5      0x440 /home/student/Melnikow/vl/button/bin/unwd-range-l1-r3/newlib_syscalls_default/syscalls.o
 .debug_abbrev  0x0000000000000505      0x347 /home/student/Melnikow/vl/button/bin/unwd-range-l1-r3/core.a(sched.o)
 .debug_abbrev  0x000000000000084c      0x318 /home/student/Melnikow/vl/button/bin/unwd-range-l1-r3/cortexm_common.a(thread_arch.o)
 .debug_abbrev  0x0000000000000b64      0x3a7 /home/student/Melnikow/vl/button/bin/unwd-range-l1-r3/cortexm_common.a(vectors_cortexm.o)
 .debug_abbrev  0x0000000000000f0b      0x289 /home/student/Melnikow/vl/button/bin/unwd-range-l1-r3/cortexm_common.a(irq_arch.o)
 .debug_abbrev  0x0000000000001194      0x27a /home/student/Melnikow/vl/button/bin/unwd-range-l1-r3/stdio_uart.a(stdio_uart.o)
 .debug_abbrev  0x000000000000140e      0x3dc /home/student/Melnikow/vl/button/bin/unwd-range-l1-r3/stm32_common_periph.a(pm.o)
 .debug_abbrev  0x00000000000017ea      0x444 /home/student/Melnikow/vl/button/bin/unwd-range-l1-r3/stm32_common_periph.a(uart.o)
 .debug_abbrev  0x0000000000001c2e      0x4bd /home/student/Melnikow/vl/button/bin/unwd-range-l1-r3/stm32_common_periph.a(gpio.o)
 .debug_abbrev  0x00000000000020eb      0x55b /home/student/Melnikow/vl/button/bin/unwd-range-l1-r3/xtimer.a(xtimer_core.o)
 .debug_abbrev  0x0000000000002646      0x21b /home/student/Melnikow/vl/button/bin/unwd-range-l1-r3/boards_common_unwd.a(board.o)
 .debug_abbrev  0x0000000000002861      0x270 /home/student/Melnikow/vl/button/bin/unwd-range-l1-r3/core.a(panic.o)
 .debug_abbrev  0x0000000000002ad1      0x241 /home/student/Melnikow/vl/button/bin/unwd-range-l1-r3/core.a(kernel_init.o)
 .debug_abbrev  0x0000000000002d12      0x341 /home/student/Melnikow/vl/button/bin/unwd-range-l1-r3/core.a(thread.o)
 .debug_abbrev  0x0000000000003053      0x360 /home/student/Melnikow/vl/button/bin/unwd-range-l1-r3/cortexm_common.a(cortexm_init.o)
 .debug_abbrev  0x00000000000033b3      0x34f /home/student/Melnikow/vl/button/bin/unwd-range-l1-r3/isrpipe.a(isrpipe.o)
 .debug_abbrev  0x0000000000003702      0x235 /home/student/Melnikow/vl/button/bin/unwd-range-l1-r3/pm_layered.a(pm.o)
 .debug_abbrev  0x0000000000003937      0x2b2 /home/student/Melnikow/vl/button/bin/unwd-range-l1-r3/stm32_common.a(cpu_init.o)
 .debug_abbrev  0x0000000000003be9      0x275 /home/student/Melnikow/vl/button/bin/unwd-range-l1-r3/stm32_common.a(stmclk_l0l1.o)
 .debug_abbrev  0x0000000000003e5e      0x2f5 /home/student/Melnikow/vl/button/bin/unwd-range-l1-r3/stm32_common.a(cpu_common.o)
 .debug_abbrev  0x0000000000004153      0x290 /home/student/Melnikow/vl/button/bin/unwd-range-l1-r3/stm32_common.a(stm_status.o)
 .debug_abbrev  0x00000000000043e3      0x3eb /home/student/Melnikow/vl/button/bin/unwd-range-l1-r3/stm32_common_periph.a(timer.o)
 .debug_abbrev  0x00000000000047ce      0x193 /home/student/Melnikow/vl/button/bin/unwd-range-l1-r3/tsrb.a(tsrb.o)
 .debug_abbrev  0x0000000000004961       0x2f /home/student/Melnikow/vl/button/bin/unwd-range-l1-r3/periph_common.a(init.o)
 .debug_abbrev  0x0000000000004990      0x395 /home/student/Melnikow/vl/button/bin/unwd-range-l1-r3/application_button.a(main.o)
 .debug_abbrev  0x0000000000004d25      0x20f /home/student/Melnikow/vl/button/bin/unwd-range-l1-r3/auto_init.a(auto_init.o)
 .debug_abbrev  0x0000000000004f34      0x2c3 /home/student/Melnikow/vl/button/bin/unwd-range-l1-r3/core.a(mutex.o)

.debug_aranges  0x0000000000000000      0x778
 .debug_aranges
                0x0000000000000000       0x20 /home/student/Melnikow/vl/button/bin/unwd-range-l1-r3/cpu/vectors.o
 .debug_aranges
                0x0000000000000020       0xb8 /home/student/Melnikow/vl/button/bin/unwd-range-l1-r3/newlib_syscalls_default/syscalls.o
 .debug_aranges
                0x00000000000000d8       0x38 /home/student/Melnikow/vl/button/bin/unwd-range-l1-r3/core.a(sched.o)
 .debug_aranges
                0x0000000000000110       0x60 /home/student/Melnikow/vl/button/bin/unwd-range-l1-r3/cortexm_common.a(thread_arch.o)
 .debug_aranges
                0x0000000000000170       0x68 /home/student/Melnikow/vl/button/bin/unwd-range-l1-r3/cortexm_common.a(vectors_cortexm.o)
 .debug_aranges
                0x00000000000001d8       0x38 /home/student/Melnikow/vl/button/bin/unwd-range-l1-r3/cortexm_common.a(irq_arch.o)
 .debug_aranges
                0x0000000000000210       0x30 /home/student/Melnikow/vl/button/bin/unwd-range-l1-r3/stdio_uart.a(stdio_uart.o)
 .debug_aranges
                0x0000000000000240       0x38 /home/student/Melnikow/vl/button/bin/unwd-range-l1-r3/stm32_common_periph.a(pm.o)
 .debug_aranges
                0x0000000000000278       0x68 /home/student/Melnikow/vl/button/bin/unwd-range-l1-r3/stm32_common_periph.a(uart.o)
 .debug_aranges
                0x00000000000002e0       0x80 /home/student/Melnikow/vl/button/bin/unwd-range-l1-r3/stm32_common_periph.a(gpio.o)
 .debug_aranges
                0x0000000000000360       0x80 /home/student/Melnikow/vl/button/bin/unwd-range-l1-r3/xtimer.a(xtimer_core.o)
 .debug_aranges
                0x00000000000003e0       0x20 /home/student/Melnikow/vl/button/bin/unwd-range-l1-r3/boards_common_unwd.a(board.o)
 .debug_aranges
                0x0000000000000400       0x28 /home/student/Melnikow/vl/button/bin/unwd-range-l1-r3/core.a(panic.o)
 .debug_aranges
                0x0000000000000428       0x30 /home/student/Melnikow/vl/button/bin/unwd-range-l1-r3/core.a(kernel_init.o)
 .debug_aranges
                0x0000000000000458       0x60 /home/student/Melnikow/vl/button/bin/unwd-range-l1-r3/core.a(thread.o)
 .debug_aranges
                0x00000000000004b8       0x38 /home/student/Melnikow/vl/button/bin/unwd-range-l1-r3/cortexm_common.a(cortexm_init.o)
 .debug_aranges
                0x00000000000004f0       0x48 /home/student/Melnikow/vl/button/bin/unwd-range-l1-r3/isrpipe.a(isrpipe.o)
 .debug_aranges
                0x0000000000000538       0x30 /home/student/Melnikow/vl/button/bin/unwd-range-l1-r3/pm_layered.a(pm.o)
 .debug_aranges
                0x0000000000000568       0x20 /home/student/Melnikow/vl/button/bin/unwd-range-l1-r3/stm32_common.a(cpu_init.o)
 .debug_aranges
                0x0000000000000588       0x28 /home/student/Melnikow/vl/button/bin/unwd-range-l1-r3/stm32_common.a(stmclk_l0l1.o)
 .debug_aranges
                0x00000000000005b0       0x40 /home/student/Melnikow/vl/button/bin/unwd-range-l1-r3/stm32_common.a(cpu_common.o)
 .debug_aranges
                0x00000000000005f0       0x20 /home/student/Melnikow/vl/button/bin/unwd-range-l1-r3/stm32_common.a(stm_status.o)
 .debug_aranges
                0x0000000000000610       0x80 /home/student/Melnikow/vl/button/bin/unwd-range-l1-r3/stm32_common_periph.a(timer.o)
 .debug_aranges
                0x0000000000000690       0x48 /home/student/Melnikow/vl/button/bin/unwd-range-l1-r3/tsrb.a(tsrb.o)
 .debug_aranges
                0x00000000000006d8       0x20 /home/student/Melnikow/vl/button/bin/unwd-range-l1-r3/periph_common.a(init.o)
 .debug_aranges
                0x00000000000006f8       0x30 /home/student/Melnikow/vl/button/bin/unwd-range-l1-r3/application_button.a(main.o)
 .debug_aranges
                0x0000000000000728       0x20 /home/student/Melnikow/vl/button/bin/unwd-range-l1-r3/auto_init.a(auto_init.o)
 .debug_aranges
                0x0000000000000748       0x30 /home/student/Melnikow/vl/button/bin/unwd-range-l1-r3/core.a(mutex.o)

.debug_ranges   0x0000000000000000      0xd78
 .debug_ranges  0x0000000000000000       0x10 /home/student/Melnikow/vl/button/bin/unwd-range-l1-r3/cpu/vectors.o
 .debug_ranges  0x0000000000000010      0x108 /home/student/Melnikow/vl/button/bin/unwd-range-l1-r3/newlib_syscalls_default/syscalls.o
 .debug_ranges  0x0000000000000118       0x88 /home/student/Melnikow/vl/button/bin/unwd-range-l1-r3/core.a(sched.o)
 .debug_ranges  0x00000000000001a0       0xa0 /home/student/Melnikow/vl/button/bin/unwd-range-l1-r3/cortexm_common.a(thread_arch.o)
 .debug_ranges  0x0000000000000240       0x58 /home/student/Melnikow/vl/button/bin/unwd-range-l1-r3/cortexm_common.a(vectors_cortexm.o)
 .debug_ranges  0x0000000000000298       0x28 /home/student/Melnikow/vl/button/bin/unwd-range-l1-r3/cortexm_common.a(irq_arch.o)
 .debug_ranges  0x00000000000002c0       0x20 /home/student/Melnikow/vl/button/bin/unwd-range-l1-r3/stdio_uart.a(stdio_uart.o)
 .debug_ranges  0x00000000000002e0       0x60 /home/student/Melnikow/vl/button/bin/unwd-range-l1-r3/stm32_common_periph.a(pm.o)
 .debug_ranges  0x0000000000000340       0xe8 /home/student/Melnikow/vl/button/bin/unwd-range-l1-r3/stm32_common_periph.a(uart.o)
 .debug_ranges  0x0000000000000428       0xc0 /home/student/Melnikow/vl/button/bin/unwd-range-l1-r3/stm32_common_periph.a(gpio.o)
 .debug_ranges  0x00000000000004e8      0x280 /home/student/Melnikow/vl/button/bin/unwd-range-l1-r3/xtimer.a(xtimer_core.o)
 .debug_ranges  0x0000000000000768       0x10 /home/student/Melnikow/vl/button/bin/unwd-range-l1-r3/boards_common_unwd.a(board.o)
 .debug_ranges  0x0000000000000778       0x18 /home/student/Melnikow/vl/button/bin/unwd-range-l1-r3/core.a(panic.o)
 .debug_ranges  0x0000000000000790       0x20 /home/student/Melnikow/vl/button/bin/unwd-range-l1-r3/core.a(kernel_init.o)
 .debug_ranges  0x00000000000007b0       0x80 /home/student/Melnikow/vl/button/bin/unwd-range-l1-r3/core.a(thread.o)
 .debug_ranges  0x0000000000000830       0x78 /home/student/Melnikow/vl/button/bin/unwd-range-l1-r3/cortexm_common.a(cortexm_init.o)
 .debug_ranges  0x00000000000008a8       0x70 /home/student/Melnikow/vl/button/bin/unwd-range-l1-r3/isrpipe.a(isrpipe.o)
 .debug_ranges  0x0000000000000918       0x20 /home/student/Melnikow/vl/button/bin/unwd-range-l1-r3/pm_layered.a(pm.o)
 .debug_ranges  0x0000000000000938       0x68 /home/student/Melnikow/vl/button/bin/unwd-range-l1-r3/stm32_common.a(cpu_init.o)
 .debug_ranges  0x00000000000009a0       0x30 /home/student/Melnikow/vl/button/bin/unwd-range-l1-r3/stm32_common.a(stmclk_l0l1.o)
 .debug_ranges  0x00000000000009d0       0x30 /home/student/Melnikow/vl/button/bin/unwd-range-l1-r3/stm32_common.a(cpu_common.o)
 .debug_ranges  0x0000000000000a00       0xf0 /home/student/Melnikow/vl/button/bin/unwd-range-l1-r3/stm32_common.a(stm_status.o)
 .debug_ranges  0x0000000000000af0       0xe0 /home/student/Melnikow/vl/button/bin/unwd-range-l1-r3/stm32_common_periph.a(timer.o)
 .debug_ranges  0x0000000000000bd0       0x98 /home/student/Melnikow/vl/button/bin/unwd-range-l1-r3/tsrb.a(tsrb.o)
 .debug_ranges  0x0000000000000c68       0x10 /home/student/Melnikow/vl/button/bin/unwd-range-l1-r3/periph_common.a(init.o)
 .debug_ranges  0x0000000000000c78       0x70 /home/student/Melnikow/vl/button/bin/unwd-range-l1-r3/application_button.a(main.o)
 .debug_ranges  0x0000000000000ce8       0x10 /home/student/Melnikow/vl/button/bin/unwd-range-l1-r3/auto_init.a(auto_init.o)
 .debug_ranges  0x0000000000000cf8       0x80 /home/student/Melnikow/vl/button/bin/unwd-range-l1-r3/core.a(mutex.o)

.debug_macro    0x0000000000000000    0x27b80
 .debug_macro   0x0000000000000000       0xe2 /home/student/Melnikow/vl/button/bin/unwd-range-l1-r3/cpu/vectors.o
 .debug_macro   0x00000000000000e2      0xa4e /home/student/Melnikow/vl/button/bin/unwd-range-l1-r3/cpu/vectors.o
 .debug_macro   0x0000000000000b30      0x10c /home/student/Melnikow/vl/button/bin/unwd-range-l1-r3/cpu/vectors.o
 .debug_macro   0x0000000000000c3c       0x22 /home/student/Melnikow/vl/button/bin/unwd-range-l1-r3/cpu/vectors.o
 .debug_macro   0x0000000000000c5e       0x56 /home/student/Melnikow/vl/button/bin/unwd-range-l1-r3/cpu/vectors.o
 .debug_macro   0x0000000000000cb4       0x51 /home/student/Melnikow/vl/button/bin/unwd-range-l1-r3/cpu/vectors.o
 .debug_macro   0x0000000000000d05       0xef /home/student/Melnikow/vl/button/bin/unwd-range-l1-r3/cpu/vectors.o
 .debug_macro   0x0000000000000df4       0x6a /home/student/Melnikow/vl/button/bin/unwd-range-l1-r3/cpu/vectors.o
 .debug_macro   0x0000000000000e5e      0x1df /home/student/Melnikow/vl/button/bin/unwd-range-l1-r3/cpu/vectors.o
 .debug_macro   0x000000000000103d       0x10 /home/student/Melnikow/vl/button/bin/unwd-range-l1-r3/cpu/vectors.o
 .debug_macro   0x000000000000104d       0x2e /home/student/Melnikow/vl/button/bin/unwd-range-l1-r3/cpu/vectors.o
 .debug_macro   0x000000000000107b       0x22 /home/student/Melnikow/vl/button/bin/unwd-range-l1-r3/cpu/vectors.o
 .debug_macro   0x000000000000109d       0x1c /home/student/Melnikow/vl/button/bin/unwd-range-l1-r3/cpu/vectors.o
 .debug_macro   0x00000000000010b9       0x22 /home/student/Melnikow/vl/button/bin/unwd-range-l1-r3/cpu/vectors.o
 .debug_macro   0x00000000000010db       0xc3 /home/student/Melnikow/vl/button/bin/unwd-range-l1-r3/cpu/vectors.o
 .debug_macro   0x000000000000119e      0xe49 /home/student/Melnikow/vl/button/bin/unwd-range-l1-r3/cpu/vectors.o
 .debug_macro   0x0000000000001fe7      0x11f /home/student/Melnikow/vl/button/bin/unwd-range-l1-r3/cpu/vectors.o
 .debug_macro   0x0000000000002106     0xbdd6 /home/student/Melnikow/vl/button/bin/unwd-range-l1-r3/cpu/vectors.o
 .debug_macro   0x000000000000dedc       0x6a /home/student/Melnikow/vl/button/bin/unwd-range-l1-r3/cpu/vectors.o
 .debug_macro   0x000000000000df46       0x16 /home/student/Melnikow/vl/button/bin/unwd-range-l1-r3/cpu/vectors.o
 .debug_macro   0x000000000000df5c      0x4ac /home/student/Melnikow/vl/button/bin/unwd-range-l1-r3/newlib_syscalls_default/syscalls.o
 .debug_macro   0x000000000000e408      0xa4e /home/student/Melnikow/vl/button/bin/unwd-range-l1-r3/newlib_syscalls_default/syscalls.o
 .debug_macro   0x000000000000ee56       0x40 /home/student/Melnikow/vl/button/bin/unwd-range-l1-r3/newlib_syscalls_default/syscalls.o
 .debug_macro   0x000000000000ee96       0x18 /home/student/Melnikow/vl/button/bin/unwd-range-l1-r3/newlib_syscalls_default/syscalls.o
 .debug_macro   0x000000000000eeae       0x5c /home/student/Melnikow/vl/button/bin/unwd-range-l1-r3/newlib_syscalls_default/syscalls.o
 .debug_macro   0x000000000000ef0a       0x3c /home/student/Melnikow/vl/button/bin/unwd-range-l1-r3/newlib_syscalls_default/syscalls.o
 .debug_macro   0x000000000000ef46       0x34 /home/student/Melnikow/vl/button/bin/unwd-range-l1-r3/newlib_syscalls_default/syscalls.o
 .debug_macro   0x000000000000ef7a       0x10 /home/student/Melnikow/vl/button/bin/unwd-range-l1-r3/newlib_syscalls_default/syscalls.o
 .debug_macro   0x000000000000ef8a       0x57 /home/student/Melnikow/vl/button/bin/unwd-range-l1-r3/newlib_syscalls_default/syscalls.o
 .debug_macro   0x000000000000efe1       0xcf /home/student/Melnikow/vl/button/bin/unwd-range-l1-r3/newlib_syscalls_default/syscalls.o
 .debug_macro   0x000000000000f0b0      0x353 /home/student/Melnikow/vl/button/bin/unwd-range-l1-r3/newlib_syscalls_default/syscalls.o
 .debug_macro   0x000000000000f403       0x10 /home/student/Melnikow/vl/button/bin/unwd-range-l1-r3/newlib_syscalls_default/syscalls.o
 .debug_macro   0x000000000000f413       0xb7 /home/student/Melnikow/vl/button/bin/unwd-range-l1-r3/newlib_syscalls_default/syscalls.o
 .debug_macro   0x000000000000f4ca       0x52 /home/student/Melnikow/vl/button/bin/unwd-range-l1-r3/newlib_syscalls_default/syscalls.o
 .debug_macro   0x000000000000f51c       0x1f /home/student/Melnikow/vl/button/bin/unwd-range-l1-r3/newlib_syscalls_default/syscalls.o
 .debug_macro   0x000000000000f53b       0x43 /home/student/Melnikow/vl/button/bin/unwd-range-l1-r3/newlib_syscalls_default/syscalls.o
 .debug_macro   0x000000000000f57e       0x20 /home/student/Melnikow/vl/button/bin/unwd-range-l1-r3/newlib_syscalls_default/syscalls.o
 .debug_macro   0x000000000000f59e       0xb6 /home/student/Melnikow/vl/button/bin/unwd-range-l1-r3/newlib_syscalls_default/syscalls.o
 .debug_macro   0x000000000000f654      0x4fe /home/student/Melnikow/vl/button/bin/unwd-range-l1-r3/newlib_syscalls_default/syscalls.o
 .debug_macro   0x000000000000fb52      0x1a3 /home/student/Melnikow/vl/button/bin/unwd-range-l1-r3/newlib_syscalls_default/syscalls.o
 .debug_macro   0x000000000000fcf5       0x10 /home/student/Melnikow/vl/button/bin/unwd-range-l1-r3/newlib_syscalls_default/syscalls.o
 .debug_macro   0x000000000000fd05       0x35 /home/student/Melnikow/vl/button/bin/unwd-range-l1-r3/newlib_syscalls_default/syscalls.o
 .debug_macro   0x000000000000fd3a       0x10 /home/student/Melnikow/vl/button/bin/unwd-range-l1-r3/newlib_syscalls_default/syscalls.o
 .debug_macro   0x000000000000fd4a      0x241 /home/student/Melnikow/vl/button/bin/unwd-range-l1-r3/newlib_syscalls_default/syscalls.o
 .debug_macro   0x000000000000ff8b       0x16 /home/student/Melnikow/vl/button/bin/unwd-range-l1-r3/newlib_syscalls_default/syscalls.o
 .debug_macro   0x000000000000ffa1       0x10 /home/student/Melnikow/vl/button/bin/unwd-range-l1-r3/newlib_syscalls_default/syscalls.o
 .debug_macro   0x000000000000ffb1       0x16 /home/student/Melnikow/vl/button/bin/unwd-range-l1-r3/newlib_syscalls_default/syscalls.o
 .debug_macro   0x000000000000ffc7       0xff /home/student/Melnikow/vl/button/bin/unwd-range-l1-r3/newlib_syscalls_default/syscalls.o
 .debug_macro   0x00000000000100c6       0x16 /home/student/Melnikow/vl/button/bin/unwd-range-l1-r3/newlib_syscalls_default/syscalls.o
 .debug_macro   0x00000000000100dc       0x22 /home/student/Melnikow/vl/button/bin/unwd-range-l1-r3/newlib_syscalls_default/syscalls.o
 .debug_macro   0x00000000000100fe       0x16 /home/student/Melnikow/vl/button/bin/unwd-range-l1-r3/newlib_syscalls_default/syscalls.o
 .debug_macro   0x0000000000010114       0x16 /home/student/Melnikow/vl/button/bin/unwd-range-l1-r3/newlib_syscalls_default/syscalls.o
 .debug_macro   0x000000000001012a       0x10 /home/student/Melnikow/vl/button/bin/unwd-range-l1-r3/newlib_syscalls_default/syscalls.o
 .debug_macro   0x000000000001013a       0x10 /home/student/Melnikow/vl/button/bin/unwd-range-l1-r3/newlib_syscalls_default/syscalls.o
 .debug_macro   0x000000000001014a       0x2e /home/student/Melnikow/vl/button/bin/unwd-range-l1-r3/newlib_syscalls_default/syscalls.o
 .debug_macro   0x0000000000010178       0xf5 /home/student/Melnikow/vl/button/bin/unwd-range-l1-r3/newlib_syscalls_default/syscalls.o
 .debug_macro   0x000000000001026d       0x22 /home/student/Melnikow/vl/button/bin/unwd-range-l1-r3/newlib_syscalls_default/syscalls.o
 .debug_macro   0x000000000001028f       0x35 /home/student/Melnikow/vl/button/bin/unwd-range-l1-r3/newlib_syscalls_default/syscalls.o
 .debug_macro   0x00000000000102c4       0xbd /home/student/Melnikow/vl/button/bin/unwd-range-l1-r3/newlib_syscalls_default/syscalls.o
 .debug_macro   0x0000000000010381       0xd6 /home/student/Melnikow/vl/button/bin/unwd-range-l1-r3/newlib_syscalls_default/syscalls.o
 .debug_macro   0x0000000000010457       0x10 /home/student/Melnikow/vl/button/bin/unwd-range-l1-r3/newlib_syscalls_default/syscalls.o
 .debug_macro   0x0000000000010467      0x460 /home/student/Melnikow/vl/button/bin/unwd-range-l1-r3/newlib_syscalls_default/syscalls.o
 .debug_macro   0x00000000000108c7       0x2b /home/student/Melnikow/vl/button/bin/unwd-range-l1-r3/newlib_syscalls_default/syscalls.o
 .debug_macro   0x00000000000108f2       0xee /home/student/Melnikow/vl/button/bin/unwd-range-l1-r3/newlib_syscalls_default/syscalls.o
 .debug_macro   0x00000000000109e0       0x28 /home/student/Melnikow/vl/button/bin/unwd-range-l1-r3/newlib_syscalls_default/syscalls.o
 .debug_macro   0x0000000000010a08       0x17 /home/student/Melnikow/vl/button/bin/unwd-range-l1-r3/newlib_syscalls_default/syscalls.o
 .debug_macro   0x0000000000010a1f       0x10 /home/student/Melnikow/vl/button/bin/unwd-range-l1-r3/newlib_syscalls_default/syscalls.o
 .debug_macro   0x0000000000010a2f       0x12 /home/student/Melnikow/vl/button/bin/unwd-range-l1-r3/newlib_syscalls_default/syscalls.o
 .debug_macro   0x0000000000010a41       0x5f /home/student/Melnikow/vl/button/bin/unwd-range-l1-r3/newlib_syscalls_default/syscalls.o
 .debug_macro   0x0000000000010aa0       0x17 /home/student/Melnikow/vl/button/bin/unwd-range-l1-r3/newlib_syscalls_default/syscalls.o
 .debug_macro   0x0000000000010ab7      0x12a /home/student/Melnikow/vl/button/bin/unwd-range-l1-r3/newlib_syscalls_default/syscalls.o
 .debug_macro   0x0000000000010be1       0x34 /home/student/Melnikow/vl/button/bin/unwd-range-l1-r3/newlib_syscalls_default/syscalls.o
 .debug_macro   0x0000000000010c15       0x98 /home/student/Melnikow/vl/button/bin/unwd-range-l1-r3/newlib_syscalls_default/syscalls.o
 .debug_macro   0x0000000000010cad       0x1c /home/student/Melnikow/vl/button/bin/unwd-range-l1-r3/newlib_syscalls_default/syscalls.o
 .debug_macro   0x0000000000010cc9       0x1c /home/student/Melnikow/vl/button/bin/unwd-range-l1-r3/newlib_syscalls_default/syscalls.o
 .debug_macro   0x0000000000010ce5       0x10 /home/student/Melnikow/vl/button/bin/unwd-range-l1-r3/newlib_syscalls_default/syscalls.o
 .debug_macro   0x0000000000010cf5       0x43 /home/student/Melnikow/vl/button/bin/unwd-range-l1-r3/newlib_syscalls_default/syscalls.o
 .debug_macro   0x0000000000010d38       0x1c /home/student/Melnikow/vl/button/bin/unwd-range-l1-r3/newlib_syscalls_default/syscalls.o
 .debug_macro   0x0000000000010d54       0x34 /home/student/Melnikow/vl/button/bin/unwd-range-l1-r3/newlib_syscalls_default/syscalls.o
 .debug_macro   0x0000000000010d88       0x16 /home/student/Melnikow/vl/button/bin/unwd-range-l1-r3/newlib_syscalls_default/syscalls.o
 .debug_macro   0x0000000000010d9e      0x122 /home/student/Melnikow/vl/button/bin/unwd-range-l1-r3/newlib_syscalls_default/syscalls.o
 .debug_macro   0x0000000000010ec0       0x4a /home/student/Melnikow/vl/button/bin/unwd-range-l1-r3/newlib_syscalls_default/syscalls.o
 .debug_macro   0x0000000000010f0a       0x10 /home/student/Melnikow/vl/button/bin/unwd-range-l1-r3/newlib_syscalls_default/syscalls.o
 .debug_macro   0x0000000000010f1a       0x10 /home/student/Melnikow/vl/button/bin/unwd-range-l1-r3/newlib_syscalls_default/syscalls.o
 .debug_macro   0x0000000000010f2a      0x304 /home/student/Melnikow/vl/button/bin/unwd-range-l1-r3/core.a(sched.o)
 .debug_macro   0x000000000001122e      0xa4e /home/student/Melnikow/vl/button/bin/unwd-range-l1-r3/core.a(sched.o)
 .debug_macro   0x0000000000011c7c      0x16d /home/student/Melnikow/vl/button/bin/unwd-range-l1-r3/core.a(sched.o)
 .debug_macro   0x0000000000011de9       0x46 /home/student/Melnikow/vl/button/bin/unwd-range-l1-r3/core.a(sched.o)
 .debug_macro   0x0000000000011e2f       0x3a /home/student/Melnikow/vl/button/bin/unwd-range-l1-r3/core.a(sched.o)
 .debug_macro   0x0000000000011e69      0x34d /home/student/Melnikow/vl/button/bin/unwd-range-l1-r3/core.a(sched.o)
 .debug_macro   0x00000000000121b6       0x25 /home/student/Melnikow/vl/button/bin/unwd-range-l1-r3/core.a(sched.o)
 .debug_macro   0x00000000000121db       0x2e /home/student/Melnikow/vl/button/bin/unwd-range-l1-r3/core.a(sched.o)
 .debug_macro   0x0000000000012209       0x1c /home/student/Melnikow/vl/button/bin/unwd-range-l1-r3/core.a(sched.o)
 .debug_macro   0x0000000000012225      0x114 /home/student/Melnikow/vl/button/bin/unwd-range-l1-r3/core.a(sched.o)
 .debug_macro   0x0000000000012339       0x1c /home/student/Melnikow/vl/button/bin/unwd-range-l1-r3/core.a(sched.o)
 .debug_macro   0x0000000000012355      0x2ec /home/student/Melnikow/vl/button/bin/unwd-range-l1-r3/cortexm_common.a(thread_arch.o)
 .debug_macro   0x0000000000012641      0xa4e /home/student/Melnikow/vl/button/bin/unwd-range-l1-r3/cortexm_common.a(thread_arch.o)
 .debug_macro   0x000000000001308f       0x97 /home/student/Melnikow/vl/button/bin/unwd-range-l1-r3/cortexm_common.a(thread_arch.o)
 .debug_macro   0x0000000000013126       0xf6 /home/student/Melnikow/vl/button/bin/unwd-range-l1-r3/cortexm_common.a(thread_arch.o)
 .debug_macro   0x000000000001321c       0x1d /home/student/Melnikow/vl/button/bin/unwd-range-l1-r3/cortexm_common.a(thread_arch.o)
 .debug_macro   0x0000000000013239      0x323 /home/student/Melnikow/vl/button/bin/unwd-range-l1-r3/cortexm_common.a(vectors_cortexm.o)
 .debug_macro   0x000000000001355c      0xa4e /home/student/Melnikow/vl/button/bin/unwd-range-l1-r3/cortexm_common.a(vectors_cortexm.o)
 .debug_macro   0x0000000000013faa       0x16 /home/student/Melnikow/vl/button/bin/unwd-range-l1-r3/cortexm_common.a(vectors_cortexm.o)
 .debug_macro   0x0000000000013fc0       0x1c /home/student/Melnikow/vl/button/bin/unwd-range-l1-r3/cortexm_common.a(vectors_cortexm.o)
 .debug_macro   0x0000000000013fdc      0x2dc /home/student/Melnikow/vl/button/bin/unwd-range-l1-r3/cortexm_common.a(irq_arch.o)
 .debug_macro   0x00000000000142b8      0xa4e /home/student/Melnikow/vl/button/bin/unwd-range-l1-r3/cortexm_common.a(irq_arch.o)
 .debug_macro   0x0000000000014d06      0x3cb /home/student/Melnikow/vl/button/bin/unwd-range-l1-r3/stdio_uart.a(stdio_uart.o)
 .debug_macro   0x00000000000150d1      0xa4e /home/student/Melnikow/vl/button/bin/unwd-range-l1-r3/stdio_uart.a(stdio_uart.o)
 .debug_macro   0x0000000000015b1f       0x16 /home/student/Melnikow/vl/button/bin/unwd-range-l1-r3/stdio_uart.a(stdio_uart.o)
 .debug_macro   0x0000000000015b35       0x92 /home/student/Melnikow/vl/button/bin/unwd-range-l1-r3/stdio_uart.a(stdio_uart.o)
 .debug_macro   0x0000000000015bc7       0x16 /home/student/Melnikow/vl/button/bin/unwd-range-l1-r3/stdio_uart.a(stdio_uart.o)
 .debug_macro   0x0000000000015bdd      0x366 /home/student/Melnikow/vl/button/bin/unwd-range-l1-r3/stm32_common_periph.a(pm.o)
 .debug_macro   0x0000000000015f43      0xa4e /home/student/Melnikow/vl/button/bin/unwd-range-l1-r3/stm32_common_periph.a(pm.o)
 .debug_macro   0x0000000000016991       0x22 /home/student/Melnikow/vl/button/bin/unwd-range-l1-r3/stm32_common_periph.a(pm.o)
 .debug_macro   0x00000000000169b3      0x351 /home/student/Melnikow/vl/button/bin/unwd-range-l1-r3/stm32_common_periph.a(uart.o)
 .debug_macro   0x0000000000016d04      0xa4e /home/student/Melnikow/vl/button/bin/unwd-range-l1-r3/stm32_common_periph.a(uart.o)
 .debug_macro   0x0000000000017752      0x30b /home/student/Melnikow/vl/button/bin/unwd-range-l1-r3/stm32_common_periph.a(gpio.o)
 .debug_macro   0x0000000000017a5d      0xa4e /home/student/Melnikow/vl/button/bin/unwd-range-l1-r3/stm32_common_periph.a(gpio.o)
 .debug_macro   0x00000000000184ab      0x3c0 /home/student/Melnikow/vl/button/bin/unwd-range-l1-r3/xtimer.a(xtimer_core.o)
 .debug_macro   0x000000000001886b      0xa4e /home/student/Melnikow/vl/button/bin/unwd-range-l1-r3/xtimer.a(xtimer_core.o)
 .debug_macro   0x00000000000192b9       0x10 /home/student/Melnikow/vl/button/bin/unwd-range-l1-r3/xtimer.a(xtimer_core.o)
 .debug_macro   0x00000000000192c9       0x16 /home/student/Melnikow/vl/button/bin/unwd-range-l1-r3/xtimer.a(xtimer_core.o)
 .debug_macro   0x00000000000192df      0x347 /home/student/Melnikow/vl/button/bin/unwd-range-l1-r3/boards_common_unwd.a(board.o)
 .debug_macro   0x0000000000019626      0xa4e /home/student/Melnikow/vl/button/bin/unwd-range-l1-r3/boards_common_unwd.a(board.o)
 .debug_macro   0x000000000001a074      0x32d /home/student/Melnikow/vl/button/bin/unwd-range-l1-r3/core.a(panic.o)
 .debug_macro   0x000000000001a3a1      0xa4e /home/student/Melnikow/vl/button/bin/unwd-range-l1-r3/core.a(panic.o)
 .debug_macro   0x000000000001adef      0x370 /home/student/Melnikow/vl/button/bin/unwd-range-l1-r3/core.a(kernel_init.o)
 .debug_macro   0x000000000001b15f      0xa4e /home/student/Melnikow/vl/button/bin/unwd-range-l1-r3/core.a(kernel_init.o)
 .debug_macro   0x000000000001bbad      0x23b /home/student/Melnikow/vl/button/bin/unwd-range-l1-r3/core.a(kernel_init.o)
 .debug_macro   0x000000000001bde8       0xdc /home/student/Melnikow/vl/button/bin/unwd-range-l1-r3/core.a(kernel_init.o)
 .debug_macro   0x000000000001bec4      0x306 /home/student/Melnikow/vl/button/bin/unwd-range-l1-r3/core.a(thread.o)
 .debug_macro   0x000000000001c1ca      0xa4e /home/student/Melnikow/vl/button/bin/unwd-range-l1-r3/core.a(thread.o)
 .debug_macro   0x000000000001cc18      0x30b /home/student/Melnikow/vl/button/bin/unwd-range-l1-r3/cortexm_common.a(cortexm_init.o)
 .debug_macro   0x000000000001cf23      0xa4e /home/student/Melnikow/vl/button/bin/unwd-range-l1-r3/cortexm_common.a(cortexm_init.o)
 .debug_macro   0x000000000001d971      0x3e4 /home/student/Melnikow/vl/button/bin/unwd-range-l1-r3/isrpipe.a(isrpipe.o)
 .debug_macro   0x000000000001dd55      0xa4e /home/student/Melnikow/vl/button/bin/unwd-range-l1-r3/isrpipe.a(isrpipe.o)
 .debug_macro   0x000000000001e7a3       0x2e /home/student/Melnikow/vl/button/bin/unwd-range-l1-r3/isrpipe.a(isrpipe.o)
 .debug_macro   0x000000000001e7d1      0x11c /home/student/Melnikow/vl/button/bin/unwd-range-l1-r3/isrpipe.a(isrpipe.o)
 .debug_macro   0x000000000001e8ed      0x32a /home/student/Melnikow/vl/button/bin/unwd-range-l1-r3/pm_layered.a(pm.o)
 .debug_macro   0x000000000001ec17      0xa4e /home/student/Melnikow/vl/button/bin/unwd-range-l1-r3/pm_layered.a(pm.o)
 .debug_macro   0x000000000001f665      0x399 /home/student/Melnikow/vl/button/bin/unwd-range-l1-r3/stm32_common.a(cpu_init.o)
 .debug_macro   0x000000000001f9fe      0xa4e /home/student/Melnikow/vl/button/bin/unwd-range-l1-r3/stm32_common.a(cpu_init.o)
 .debug_macro   0x000000000002044c      0x349 /home/student/Melnikow/vl/button/bin/unwd-range-l1-r3/stm32_common.a(stmclk_l0l1.o)
 .debug_macro   0x0000000000020795      0xa4e /home/student/Melnikow/vl/button/bin/unwd-range-l1-r3/stm32_common.a(stmclk_l0l1.o)
 .debug_macro   0x00000000000211e3      0x31c /home/student/Melnikow/vl/button/bin/unwd-range-l1-r3/stm32_common.a(cpu_common.o)
 .debug_macro   0x00000000000214ff      0xa4e /home/student/Melnikow/vl/button/bin/unwd-range-l1-r3/stm32_common.a(cpu_common.o)
 .debug_macro   0x0000000000021f4d      0x314 /home/student/Melnikow/vl/button/bin/unwd-range-l1-r3/stm32_common.a(stm_status.o)
 .debug_macro   0x0000000000022261      0xa4e /home/student/Melnikow/vl/button/bin/unwd-range-l1-r3/stm32_common.a(stm_status.o)
 .debug_macro   0x0000000000022caf      0x32d /home/student/Melnikow/vl/button/bin/unwd-range-l1-r3/stm32_common_periph.a(timer.o)
 .debug_macro   0x0000000000022fdc      0xa4e /home/student/Melnikow/vl/button/bin/unwd-range-l1-r3/stm32_common_periph.a(timer.o)
 .debug_macro   0x0000000000023a2a       0x5f /home/student/Melnikow/vl/button/bin/unwd-range-l1-r3/tsrb.a(tsrb.o)
 .debug_macro   0x0000000000023a89      0xa4e /home/student/Melnikow/vl/button/bin/unwd-range-l1-r3/tsrb.a(tsrb.o)
 .debug_macro   0x00000000000244d7       0x1a /home/student/Melnikow/vl/button/bin/unwd-range-l1-r3/periph_common.a(init.o)
 .debug_macro   0x00000000000244f1      0xa4e /home/student/Melnikow/vl/button/bin/unwd-range-l1-r3/periph_common.a(init.o)
 .debug_macro   0x0000000000024f3f      0x412 /home/student/Melnikow/vl/button/bin/unwd-range-l1-r3/application_button.a(main.o)
 .debug_macro   0x0000000000025351      0xa4e /home/student/Melnikow/vl/button/bin/unwd-range-l1-r3/application_button.a(main.o)
 .debug_macro   0x0000000000025d9f       0x49 /home/student/Melnikow/vl/button/bin/unwd-range-l1-r3/application_button.a(main.o)
 .debug_macro   0x0000000000025de8       0x3a /home/student/Melnikow/vl/button/bin/unwd-range-l1-r3/application_button.a(main.o)
 .debug_macro   0x0000000000025e22       0x10 /home/student/Melnikow/vl/button/bin/unwd-range-l1-r3/application_button.a(main.o)
 .debug_macro   0x0000000000025e32      0x3d0 /home/student/Melnikow/vl/button/bin/unwd-range-l1-r3/auto_init.a(auto_init.o)
 .debug_macro   0x0000000000026202      0xa4e /home/student/Melnikow/vl/button/bin/unwd-range-l1-r3/auto_init.a(auto_init.o)
 .debug_macro   0x0000000000026c50      0x2fd /home/student/Melnikow/vl/button/bin/unwd-range-l1-r3/core.a(mutex.o)
 .debug_macro   0x0000000000026f4d      0xa4e /home/student/Melnikow/vl/button/bin/unwd-range-l1-r3/core.a(mutex.o)
 .debug_macro   0x000000000002799b      0x1e5 /home/student/Melnikow/vl/button/bin/unwd-range-l1-r3/core.a(mutex.o)

.debug_line     0x0000000000000000     0xbe78
 .debug_line    0x0000000000000000      0x336 /home/student/Melnikow/vl/button/bin/unwd-range-l1-r3/cpu/vectors.o
 .debug_line    0x0000000000000336      0xa1c /home/student/Melnikow/vl/button/bin/unwd-range-l1-r3/newlib_syscalls_default/syscalls.o
 .debug_line    0x0000000000000d52      0x61b /home/student/Melnikow/vl/button/bin/unwd-range-l1-r3/core.a(sched.o)
 .debug_line    0x000000000000136d      0x65f /home/student/Melnikow/vl/button/bin/unwd-range-l1-r3/cortexm_common.a(thread_arch.o)
 .debug_line    0x00000000000019cc      0x74e /home/student/Melnikow/vl/button/bin/unwd-range-l1-r3/cortexm_common.a(vectors_cortexm.o)
 .debug_line    0x000000000000211a      0x5c0 /home/student/Melnikow/vl/button/bin/unwd-range-l1-r3/cortexm_common.a(irq_arch.o)
 .debug_line    0x00000000000026da      0x770 /home/student/Melnikow/vl/button/bin/unwd-range-l1-r3/stdio_uart.a(stdio_uart.o)
 .debug_line    0x0000000000002e4a      0x7b1 /home/student/Melnikow/vl/button/bin/unwd-range-l1-r3/stm32_common_periph.a(pm.o)
 .debug_line    0x00000000000035fb      0x873 /home/student/Melnikow/vl/button/bin/unwd-range-l1-r3/stm32_common_periph.a(uart.o)
 .debug_line    0x0000000000003e6e      0x864 /home/student/Melnikow/vl/button/bin/unwd-range-l1-r3/stm32_common_periph.a(gpio.o)
 .debug_line    0x00000000000046d2      0xa53 /home/student/Melnikow/vl/button/bin/unwd-range-l1-r3/xtimer.a(xtimer_core.o)
 .debug_line    0x0000000000005125      0x6f5 /home/student/Melnikow/vl/button/bin/unwd-range-l1-r3/boards_common_unwd.a(board.o)
 .debug_line    0x000000000000581a      0x67c /home/student/Melnikow/vl/button/bin/unwd-range-l1-r3/core.a(panic.o)
 .debug_line    0x0000000000005e96      0x6ab /home/student/Melnikow/vl/button/bin/unwd-range-l1-r3/core.a(kernel_init.o)
 .debug_line    0x0000000000006541      0x6a5 /home/student/Melnikow/vl/button/bin/unwd-range-l1-r3/core.a(thread.o)
 .debug_line    0x0000000000006be6      0x6d7 /home/student/Melnikow/vl/button/bin/unwd-range-l1-r3/cortexm_common.a(cortexm_init.o)
 .debug_line    0x00000000000072bd      0x854 /home/student/Melnikow/vl/button/bin/unwd-range-l1-r3/isrpipe.a(isrpipe.o)
 .debug_line    0x0000000000007b11      0x675 /home/student/Melnikow/vl/button/bin/unwd-range-l1-r3/pm_layered.a(pm.o)
 .debug_line    0x0000000000008186      0x728 /home/student/Melnikow/vl/button/bin/unwd-range-l1-r3/stm32_common.a(cpu_init.o)
 .debug_line    0x00000000000088ae      0x77f /home/student/Melnikow/vl/button/bin/unwd-range-l1-r3/stm32_common.a(stmclk_l0l1.o)
 .debug_line    0x000000000000902d      0x68d /home/student/Melnikow/vl/button/bin/unwd-range-l1-r3/stm32_common.a(cpu_common.o)
 .debug_line    0x00000000000096ba      0x67d /home/student/Melnikow/vl/button/bin/unwd-range-l1-r3/stm32_common.a(stm_status.o)
 .debug_line    0x0000000000009d37      0x852 /home/student/Melnikow/vl/button/bin/unwd-range-l1-r3/stm32_common_periph.a(timer.o)
 .debug_line    0x000000000000a589      0x237 /home/student/Melnikow/vl/button/bin/unwd-range-l1-r3/tsrb.a(tsrb.o)
 .debug_line    0x000000000000a7c0       0xc0 /home/student/Melnikow/vl/button/bin/unwd-range-l1-r3/periph_common.a(init.o)
 .debug_line    0x000000000000a880      0x891 /home/student/Melnikow/vl/button/bin/unwd-range-l1-r3/application_button.a(main.o)
 .debug_line    0x000000000000b111      0x78a /home/student/Melnikow/vl/button/bin/unwd-range-l1-r3/auto_init.a(auto_init.o)
 .debug_line    0x000000000000b89b      0x5dd /home/student/Melnikow/vl/button/bin/unwd-range-l1-r3/core.a(mutex.o)

.debug_str      0x0000000000000000    0x5a67f
 .debug_str     0x0000000000000000    0x4e5f5 /home/student/Melnikow/vl/button/bin/unwd-range-l1-r3/cpu/vectors.o
                                      0x4e76b (size before relaxing)
 .debug_str     0x000000000004e5f5     0x8d15 /home/student/Melnikow/vl/button/bin/unwd-range-l1-r3/newlib_syscalls_default/syscalls.o
                                      0x57630 (size before relaxing)
 .debug_str     0x000000000005730a      0x379 /home/student/Melnikow/vl/button/bin/unwd-range-l1-r3/core.a(sched.o)
                                      0x54403 (size before relaxing)
 .debug_str     0x0000000000057683      0x262 /home/student/Melnikow/vl/button/bin/unwd-range-l1-r3/cortexm_common.a(thread_arch.o)
                                      0x542d2 (size before relaxing)
 .debug_str     0x00000000000578e5      0x45a /home/student/Melnikow/vl/button/bin/unwd-range-l1-r3/cortexm_common.a(vectors_cortexm.o)
                                      0x54c35 (size before relaxing)
 .debug_str     0x0000000000057d3f       0xdb /home/student/Melnikow/vl/button/bin/unwd-range-l1-r3/cortexm_common.a(irq_arch.o)
                                      0x54166 (size before relaxing)
 .debug_str     0x0000000000057e1a      0x285 /home/student/Melnikow/vl/button/bin/unwd-range-l1-r3/stdio_uart.a(stdio_uart.o)
                                      0x566e4 (size before relaxing)
 .debug_str     0x000000000005809f      0x645 /home/student/Melnikow/vl/button/bin/unwd-range-l1-r3/stm32_common_periph.a(pm.o)
                                      0x55563 (size before relaxing)
 .debug_str     0x00000000000586e4      0x3f1 /home/student/Melnikow/vl/button/bin/unwd-range-l1-r3/stm32_common_periph.a(uart.o)
                                      0x55699 (size before relaxing)
 .debug_str     0x0000000000058ad5      0x1f5 /home/student/Melnikow/vl/button/bin/unwd-range-l1-r3/stm32_common_periph.a(gpio.o)
                                      0x5536d (size before relaxing)
 .debug_str     0x0000000000058cca      0x346 /home/student/Melnikow/vl/button/bin/unwd-range-l1-r3/xtimer.a(xtimer_core.o)
                                      0x55b3e (size before relaxing)
 .debug_str     0x0000000000059010       0xc6 /home/student/Melnikow/vl/button/bin/unwd-range-l1-r3/boards_common_unwd.a(board.o)
                                      0x55451 (size before relaxing)
 .debug_str     0x00000000000590d6       0xb9 /home/student/Melnikow/vl/button/bin/unwd-range-l1-r3/core.a(panic.o)
                                      0x546b4 (size before relaxing)
 .debug_str     0x000000000005918f       0xf2 /home/student/Melnikow/vl/button/bin/unwd-range-l1-r3/core.a(kernel_init.o)
                                      0x54c16 (size before relaxing)
 .debug_str     0x0000000000059281      0x173 /home/student/Melnikow/vl/button/bin/unwd-range-l1-r3/core.a(thread.o)
                                      0x54877 (size before relaxing)
 .debug_str     0x00000000000593f4      0x196 /home/student/Melnikow/vl/button/bin/unwd-range-l1-r3/cortexm_common.a(cortexm_init.o)
                                      0x54995 (size before relaxing)
 .debug_str     0x000000000005958a      0x177 /home/student/Melnikow/vl/button/bin/unwd-range-l1-r3/isrpipe.a(isrpipe.o)
                                      0x55e0c (size before relaxing)
 .debug_str     0x0000000000059701      0x101 /home/student/Melnikow/vl/button/bin/unwd-range-l1-r3/pm_layered.a(pm.o)
                                      0x5460e (size before relaxing)
 .debug_str     0x0000000000059802      0x20a /home/student/Melnikow/vl/button/bin/unwd-range-l1-r3/stm32_common.a(cpu_init.o)
                                      0x55621 (size before relaxing)
 .debug_str     0x0000000000059a0c      0x18c /home/student/Melnikow/vl/button/bin/unwd-range-l1-r3/stm32_common.a(stmclk_l0l1.o)
                                      0x554fb (size before relaxing)
 .debug_str     0x0000000000059b98       0xb1 /home/student/Melnikow/vl/button/bin/unwd-range-l1-r3/stm32_common.a(cpu_common.o)
                                      0x54f5a (size before relaxing)
 .debug_str     0x0000000000059c49      0x129 /home/student/Melnikow/vl/button/bin/unwd-range-l1-r3/stm32_common.a(stm_status.o)
                                      0x54dcd (size before relaxing)
 .debug_str     0x0000000000059d72      0x12a /home/student/Melnikow/vl/button/bin/unwd-range-l1-r3/stm32_common_periph.a(timer.o)
                                      0x55413 (size before relaxing)
 .debug_str     0x0000000000059e9c       0xdc /home/student/Melnikow/vl/button/bin/unwd-range-l1-r3/tsrb.a(tsrb.o)